Archive member included to satisfy reference by file (symbol)

C:\Users\TEMP\Documents\MCUXpressoIDE_11.6.0_8187\workspace\LPC55S69_Project\libs\libpower_hardabi.a(fsl_power_lib.o)
                              ./drivers/fsl_clock.o (POWER_SetVoltageForFreq)
c:/appz/nxp/mcuxpressoide_11.6.0_8187/ide/plugins/com.nxp.mcuxpresso.tools.win32_11.6.0.202112161359/tools/bin/../lib/gcc/arm-none-eabi/10.3.1/../../../../arm-none-eabi/lib/thumb/v8-m.main+fp/hard\libcr_nohost_nf.a(_cr__main.o)
                              ./startup/startup_lpc55s69_cm33_core0.o (__main)
c:/appz/nxp/mcuxpressoide_11.6.0_8187/ide/plugins/com.nxp.mcuxpresso.tools.win32_11.6.0.202112161359/tools/bin/../lib/gcc/arm-none-eabi/10.3.1/../../../../arm-none-eabi/lib/thumb/v8-m.main+fp/hard\libcr_nohost_nf.a(_cr_assert.o)
                              ./utilities/fsl_debug_console.o (__assertion_failed)
c:/appz/nxp/mcuxpressoide_11.6.0_8187/ide/plugins/com.nxp.mcuxpresso.tools.win32_11.6.0.202112161359/tools/bin/../lib/gcc/arm-none-eabi/10.3.1/../../../../arm-none-eabi/lib/thumb/v8-m.main+fp/hard\libcr_nohost_nf.a(__ciob.o)
                              c:/appz/nxp/mcuxpressoide_11.6.0_8187/ide/plugins/com.nxp.mcuxpresso.tools.win32_11.6.0.202112161359/tools/bin/../lib/gcc/arm-none-eabi/10.3.1/../../../../arm-none-eabi/lib/thumb/v8-m.main+fp/hard\libcr_nohost_nf.a(_cr_assert.o) (__Ciob)
c:/appz/nxp/mcuxpressoide_11.6.0_8187/ide/plugins/com.nxp.mcuxpresso.tools.win32_11.6.0.202112161359/tools/bin/../lib/gcc/arm-none-eabi/10.3.1/../../../../arm-none-eabi/lib/thumb/v8-m.main+fp/hard\libcr_nohost_nf.a(__sys_appexit.o)
                              c:/appz/nxp/mcuxpressoide_11.6.0_8187/ide/plugins/com.nxp.mcuxpresso.tools.win32_11.6.0.202112161359/tools/bin/../lib/gcc/arm-none-eabi/10.3.1/../../../../arm-none-eabi/lib/thumb/v8-m.main+fp/hard\libcr_nohost_nf.a(_cr_assert.o) (__sys_appexit)
c:/appz/nxp/mcuxpressoide_11.6.0_8187/ide/plugins/com.nxp.mcuxpresso.tools.win32_11.6.0.202112161359/tools/bin/../lib/gcc/arm-none-eabi/10.3.1/../../../../arm-none-eabi/lib/thumb/v8-m.main+fp/hard\libcr_c.a(memset.o)
                              ./utilities/fsl_debug_console.o (memset)
c:/appz/nxp/mcuxpressoide_11.6.0_8187/ide/plugins/com.nxp.mcuxpresso.tools.win32_11.6.0.202112161359/tools/bin/../lib/gcc/arm-none-eabi/10.3.1/../../../../arm-none-eabi/lib/thumb/v8-m.main+fp/hard\libcr_c.a(_deferredlazyseek.o)
                              c:/appz/nxp/mcuxpressoide_11.6.0_8187/ide/plugins/com.nxp.mcuxpresso.tools.win32_11.6.0.202112161359/tools/bin/../lib/gcc/arm-none-eabi/10.3.1/../../../../arm-none-eabi/lib/thumb/v8-m.main+fp/hard\libcr_nohost_nf.a(_cr_assert.o) (__flsbuf)
c:/appz/nxp/mcuxpressoide_11.6.0_8187/ide/plugins/com.nxp.mcuxpresso.tools.win32_11.6.0.202112161359/tools/bin/../lib/gcc/arm-none-eabi/10.3.1/../../../../arm-none-eabi/lib/thumb/v8-m.main+fp/hard\libcr_c.a(_fflush.o)
                              c:/appz/nxp/mcuxpressoide_11.6.0_8187/ide/plugins/com.nxp.mcuxpresso.tools.win32_11.6.0.202112161359/tools/bin/../lib/gcc/arm-none-eabi/10.3.1/../../../../arm-none-eabi/lib/thumb/v8-m.main+fp/hard\libcr_c.a(_deferredlazyseek.o) (_fflush)
c:/appz/nxp/mcuxpressoide_11.6.0_8187/ide/plugins/com.nxp.mcuxpresso.tools.win32_11.6.0.202112161359/tools/bin/../lib/gcc/arm-none-eabi/10.3.1/../../../../arm-none-eabi/lib/thumb/v8-m.main+fp/hard\libcr_c.a(_writebuf.o)
                              c:/appz/nxp/mcuxpressoide_11.6.0_8187/ide/plugins/com.nxp.mcuxpresso.tools.win32_11.6.0.202112161359/tools/bin/../lib/gcc/arm-none-eabi/10.3.1/../../../../arm-none-eabi/lib/thumb/v8-m.main+fp/hard\libcr_c.a(_deferredlazyseek.o) (_Cwritebuf)
c:/appz/nxp/mcuxpressoide_11.6.0_8187/ide/plugins/com.nxp.mcuxpresso.tools.win32_11.6.0.202112161359/tools/bin/../lib/gcc/arm-none-eabi/10.3.1/../../../../arm-none-eabi/lib/thumb/v8-m.main+fp/hard\libcr_c.a(alloc.o)
                              ./drivers/fsl_common.o (malloc)
c:/appz/nxp/mcuxpressoide_11.6.0_8187/ide/plugins/com.nxp.mcuxpresso.tools.win32_11.6.0.202112161359/tools/bin/../lib/gcc/arm-none-eabi/10.3.1/../../../../arm-none-eabi/lib/thumb/v8-m.main+fp/hard\libcr_c.a(fputs.o)
                              c:/appz/nxp/mcuxpressoide_11.6.0_8187/ide/plugins/com.nxp.mcuxpresso.tools.win32_11.6.0.202112161359/tools/bin/../lib/gcc/arm-none-eabi/10.3.1/../../../../arm-none-eabi/lib/thumb/v8-m.main+fp/hard\libcr_nohost_nf.a(_cr_assert.o) (fputs)
c:/appz/nxp/mcuxpressoide_11.6.0_8187/ide/plugins/com.nxp.mcuxpresso.tools.win32_11.6.0.202112161359/tools/bin/../lib/gcc/arm-none-eabi/10.3.1/../../../../arm-none-eabi/lib/thumb/v8-m.main+fp/hard\libcr_c.a(fseek.o)
                              c:/appz/nxp/mcuxpressoide_11.6.0_8187/ide/plugins/com.nxp.mcuxpresso.tools.win32_11.6.0.202112161359/tools/bin/../lib/gcc/arm-none-eabi/10.3.1/../../../../arm-none-eabi/lib/thumb/v8-m.main+fp/hard\libcr_c.a(_deferredlazyseek.o) (fseek)
[...]
Memory Configuration

Name             Origin             Length             Attributes
PROGRAM_FLASH    0x00000000         0x00098000         xr
SRAM             0x20000000         0x00044000         xrw
SRAMX            0x04000000         0x00008000         xrw
USB_RAM          0x40100000         0x00004000         xrw
*default*        0x00000000         0xffffffff

Linker script and memory map

LOAD ./utilities/fsl_debug_console.o
LOAD ./utilities/fsl_str.o
LOAD ./startup/boot_multicore_slave.o
LOAD ./startup/startup_lpc55s69_cm33_core0.o
LOAD ./source/LPC55S69_Project.o
LOAD ./source/semihost_hardfault.o
LOAD ./drivers/fsl_clock.o
LOAD ./drivers/fsl_common.o
LOAD ./drivers/fsl_flexcomm.o
LOAD ./drivers/fsl_gpio.o
LOAD ./drivers/fsl_i2c.o
LOAD ./drivers/fsl_power.o
LOAD ./drivers/fsl_reset.o
LOAD ./drivers/fsl_spi.o
LOAD ./drivers/fsl_usart.o
LOAD ./device/system_LPC55S69_cm33_core0.o
LOAD ./component/uart/usart_adapter.o
LOAD ./component/serial_manager/serial_manager.o
LOAD ./component/serial_manager/serial_port_uart.o
LOAD ./component/lists/generic_list.o
LOAD ./board/boards/board.o
LOAD ./board/boards/clock_config.o
LOAD ./board/boards/peripherals.o
LOAD ./board/boards/pin_mux.o
LOAD C:\Users\TEMP\Documents\MCUXpressoIDE_11.6.0_8187\workspace\LPC55S69_Project\libs\libpower_hardabi.a
START GROUP
LOAD c:/appz/nxp/mcuxpressoide_11.6.0_8187/ide/plugins/com.nxp.mcuxpresso.tools.win32_11.6.0.202112161359/tools/bin/../lib/gcc/arm-none-eabi/10.3.1/../../../../arm-none-eabi/lib/thumb/v8-m.main+fp/hard\libcr_nohost_nf.a
LOAD c:/appz/nxp/mcuxpressoide_11.6.0_8187/ide/plugins/com.nxp.mcuxpresso.tools.win32_11.6.0.202112161359/tools/bin/../lib/gcc/arm-none-eabi/10.3.1/../../../../arm-none-eabi/lib/thumb/v8-m.main+fp/hard\libcr_c.a
LOAD c:/appz/nxp/mcuxpressoide_11.6.0_8187/ide/plugins/com.nxp.mcuxpresso.tools.win32_11.6.0.202112161359/tools/bin/../lib/gcc/arm-none-eabi/10.3.1/thumb/v8-m.main+fp/hard\libcr_eabihelpers.a
LOAD c:/appz/nxp/mcuxpressoide_11.6.0_8187/ide/plugins/com.nxp.mcuxpresso.tools.win32_11.6.0.202112161359/tools/bin/../lib/gcc/arm-none-eabi/10.3.1/thumb/v8-m.main+fp/hard\libgcc.a
END GROUP
                0x00000000                __base_PROGRAM_FLASH = 0x0
                0x00000000                __base_Flash = 0x0
                0x00098000                __top_PROGRAM_FLASH = 0x98000
                0x00098000                __top_Flash = 0x98000
                0x20000000                __base_SRAM = 0x20000000
                0x20000000                __base_RAM = 0x20000000
                0x20044000                __top_SRAM = 0x20044000
                0x20044000                __top_RAM = 0x20044000
                0x04000000                __base_SRAMX = 0x4000000
                0x04000000                __base_RAM2 = 0x4000000
                0x04008000                __top_SRAMX = 0x4008000
                0x04008000                __top_RAM2 = 0x4008000
                0x40100000                __base_USB_RAM = 0x40100000
                0x40100000                __base_RAM3 = 0x40100000
                0x40104000                __top_USB_RAM = 0x40104000
                0x40104000                __top_RAM3 = 0x40104000

.text           0x00000000     0x3b84
 FILL mask 0xff
                0x00000000                __vectors_start__ = ABSOLUTE (.)
 *(SORT_BY_ALIGNMENT(.isr_vector))
 .isr_vector    0x00000000      0x130 ./startup/startup_lpc55s69_cm33_core0.o
                0x00000000                g_pfnVectors
                0x00000000                __Vectors
                0x00000130                . = ALIGN (0x4)
                0x00000130                __section_table_start = .
                0x00000130                __data_section_table = .
                0x00000130        0x4 LONG 0x3b84 LOADADDR (.data)
                0x00000134        0x4 LONG 0x20000000 ADDR (.data)
                0x00000138        0x4 LONG 0x4 SIZEOF (.data)
                0x0000013c        0x4 LONG 0x3b84 LOADADDR (.data_RAM2)
                0x00000140        0x4 LONG 0x4000000 ADDR (.data_RAM2)
                0x00000144        0x4 LONG 0x0 SIZEOF (.data_RAM2)
                0x00000148        0x4 LONG 0x3b84 LOADADDR (.data_RAM3)
                0x0000014c        0x4 LONG 0x40100000 ADDR (.data_RAM3)
                0x00000150        0x4 LONG 0x0 SIZEOF (.data_RAM3)
                0x00000154                __data_section_table_end = .
                0x00000154                __bss_section_table = .
                0x00000154        0x4 LONG 0x20000004 ADDR (.bss)
                0x00000158        0x4 LONG 0x12c SIZEOF (.bss)
                0x0000015c        0x4 LONG 0x4000000 ADDR (.bss_RAM2)
                0x00000160        0x4 LONG 0x0 SIZEOF (.bss_RAM2)
                0x00000164        0x4 LONG 0x40100000 ADDR (.bss_RAM3)
                0x00000168        0x4 LONG 0x0 SIZEOF (.bss_RAM3)
                0x0000016c                __bss_section_table_end = .
                0x0000016c                __section_table_end = .
 *(SORT_BY_ALIGNMENT(.after_vectors*))
 .after_vectors.reset
                0x0000016c       0x4c ./startup/startup_lpc55s69_cm33_core0.o
                0x0000016c                ResetISR
 .after_vectors.init_data
                0x000001b8       0x1e ./startup/startup_lpc55s69_cm33_core0.o
                0x000001b8                data_init
 .after_vectors.init_bss
                0x000001d6       0x12 ./startup/startup_lpc55s69_cm33_core0.o
                0x000001d6                bss_init
 .after_vectors
                0x000001e8       0x14 ./startup/startup_lpc55s69_cm33_core0.o
                0x000001e8                NMI_Handler
                0x000001ec                MemManage_Handler
                0x000001ee                BusFault_Handler
                0x000001f0                UsageFault_Handler
                0x000001f2                SVC_Handler
                0x000001f4                DebugMon_Handler
                0x000001f6                PendSV_Handler
                0x000001f8                SysTick_Handler
                0x000001fa                PIN_INT2_DriverIRQHandler
                0x000001fa                Reserved56_DriverIRQHandler
                0x000001fa                PIN_INT0_DriverIRQHandler
                0x000001fa                CTIMER2_DriverIRQHandler
                0x000001fa                PIN_INT3_DriverIRQHandler
                0x000001fa                SEC_VIO_DriverIRQHandler
                0x000001fa                IntDefaultHandler
                0x000001fa                USB0_DriverIRQHandler
                0x000001fa                CASER_DriverIRQHandler
                0x000001fa                MRT0_DriverIRQHandler
                0x000001fa                UTICK0_DriverIRQHandler
                0x000001fa                Reserved41_DriverIRQHandler
                0x000001fa                PIN_INT4_DriverIRQHandler
                0x000001fa                PIN_INT5_DriverIRQHandler
                0x000001fa                SEC_GPIO_INT0_IRQ0_DriverIRQHandler
                0x000001fa                CTIMER4_DriverIRQHandler
                0x000001fa                GINT1_DriverIRQHandler
                0x000001fa                PIN_INT7_DriverIRQHandler
                0x000001fa                Reserved42_DriverIRQHandler
                0x000001fa                HASHCRYPT_DriverIRQHandler
                0x000001fa                USB0_NEEDCLK_DriverIRQHandler
                0x000001fa                CTIMER0_DriverIRQHandler
                0x000001fa                CTIMER1_DriverIRQHandler
                0x000001fa                PIN_INT6_DriverIRQHandler
                0x000001fa                PQ_DriverIRQHandler
                0x000001fa                MAILBOX_DriverIRQHandler
                0x000001fa                PIN_INT1_DriverIRQHandler
                0x000001fa                CTIMER3_DriverIRQHandler
                0x000001fa                Reserved61_DriverIRQHandler
                0x000001fa                SEC_GPIO_INT0_IRQ1_DriverIRQHandler
                0x000001fa                PUF_DriverIRQHandler
                0x000001fa                RTC_DriverIRQHandler
                0x000001fa                DMA0_DriverIRQHandler
                0x000001fa                Reserved39_DriverIRQHandler
                0x000001fa                USB1_DriverIRQHandler
                0x000001fa                Reserved60_DriverIRQHandler
                0x000001fa                DMA1_DriverIRQHandler
                0x000001fa                ADC0_DriverIRQHandler
                0x000001fa                USB1_NEEDCLK_DriverIRQHandler
                0x000001fa                Reserved59_DriverIRQHandler
                0x000001fa                SDIO_DriverIRQHandler
                0x000001fa                GINT0_DriverIRQHandler
                0x000001fa                ACMP_DriverIRQHandler
                0x000001fa                Reserved57_DriverIRQHandler
                0x000001fa                Reserved55_DriverIRQHandler
                0x000001fa                Reserved46_DriverIRQHandler
                0x000001fa                USB1_UTMI_DriverIRQHandler
                0x000001fa                WDT_BOD_DriverIRQHandler
                0x000001fa                SCT0_DriverIRQHandler
                0x000001fa                PLU_DriverIRQHandler
                0x000001fa                OS_EVENT_DriverIRQHandler
                0x000001fa                SEC_HYPERVISOR_CALL_DriverIRQHandler
 *(SORT_BY_ALIGNMENT(.text*))
 *fill*         0x000001fc        0x4 ff
 .text.CLOCK_SetFLASHAccessCyclesForFreq
                0x00000200       0x80 ./drivers/fsl_clock.o
                0x00000200                CLOCK_SetFLASHAccessCyclesForFreq
 .text.DbgConsole_ReadOneCharacter
                0x00000280       0x34 ./utilities/fsl_debug_console.o
                0x00000280                DbgConsole_ReadOneCharacter
 .text.DbgConsole_SendDataReliable
                0x000002b4       0x58 ./utilities/fsl_debug_console.o
                0x000002b4                DbgConsole_SendDataReliable
 .text.DbgConsole_ReadLine
                0x0000030c       0xa0 ./utilities/fsl_debug_console.o
                0x0000030c                DbgConsole_ReadLine
 .text.DbgConsole_Init
                0x000003ac      0x104 ./utilities/fsl_debug_console.o
                0x000003ac                DbgConsole_Init
 .text.DbgConsole_Printf
                0x000004b0       0x7c ./utilities/fsl_debug_console.o
                0x000004b0                DbgConsole_Printf
 .text.StrFormatScanf
                0x0000052c      0x5f0 ./utilities/fsl_str.o
                0x0000052c                StrFormatScanf
 .text.main     0x00000b1c       0xd8 ./source/LPC55S69_Project.o
                0x00000b1c                main
 .text.POWER_DisablePD
                0x00000bf4       0x20 ./drivers/fsl_clock.o
 .text.CLOCK_AttachClk
                0x00000c14       0x98 ./drivers/fsl_clock.o
                0x00000c14                CLOCK_AttachClk
 .text.CLOCK_SetClkDiv
                0x00000cac       0x5c ./drivers/fsl_clock.o
                0x00000cac                CLOCK_SetClkDiv
 .text.CLOCK_SetupFROClocking
                0x00000d08       0x94 ./drivers/fsl_clock.o
                0x00000d08                CLOCK_SetupFROClocking
 .text.FLEXCOMM_GetInstance
                0x00000d9c       0x44 ./drivers/fsl_flexcomm.o
                0x00000d9c                FLEXCOMM_GetInstance
 .text.FLEXCOMM_Init
                0x00000de0       0x5c ./drivers/fsl_flexcomm.o
                0x00000de0                FLEXCOMM_Init
 .text.FLEXCOMM0_DriverIRQHandler
                0x00000e3c       0x38 ./drivers/fsl_flexcomm.o
                0x00000e3c                FLEXCOMM0_DriverIRQHandler
 .text.FLEXCOMM1_DriverIRQHandler
                0x00000e74       0x38 ./drivers/fsl_flexcomm.o
                0x00000e74                FLEXCOMM1_DriverIRQHandler
 .text.FLEXCOMM2_DriverIRQHandler
                0x00000eac       0x38 ./drivers/fsl_flexcomm.o
                0x00000eac                FLEXCOMM2_DriverIRQHandler
 .text.FLEXCOMM3_DriverIRQHandler
                0x00000ee4       0x38 ./drivers/fsl_flexcomm.o
                0x00000ee4                FLEXCOMM3_DriverIRQHandler
 .text.FLEXCOMM4_DriverIRQHandler
                0x00000f1c       0x38 ./drivers/fsl_flexcomm.o
                0x00000f1c                FLEXCOMM4_DriverIRQHandler
 .text.FLEXCOMM5_DriverIRQHandler
                0x00000f54       0x38 ./drivers/fsl_flexcomm.o
                0x00000f54                FLEXCOMM5_DriverIRQHandler
 .text.FLEXCOMM6_DriverIRQHandler
                0x00000f8c       0x38 ./drivers/fsl_flexcomm.o
                0x00000f8c                FLEXCOMM6_DriverIRQHandler
 .text.FLEXCOMM7_DriverIRQHandler
                0x00000fc4       0x38 ./drivers/fsl_flexcomm.o
                0x00000fc4                FLEXCOMM7_DriverIRQHandler
 .text.FLEXCOMM8_DriverIRQHandler
                0x00000ffc       0x38 ./drivers/fsl_flexcomm.o
                0x00000ffc                FLEXCOMM8_DriverIRQHandler
 .text.RESET_SetPeripheralReset
                0x00001034       0x5c ./drivers/fsl_reset.o
                0x00001034                RESET_SetPeripheralReset
 .text.RESET_ClearPeripheralReset
                0x00001090       0x60 ./drivers/fsl_reset.o
                0x00001090                RESET_ClearPeripheralReset
 .text.USART_Init
                0x000010f0      0x180 ./drivers/fsl_usart.o
                0x000010f0                USART_Init
 .text.USART_GetDefaultConfig
                0x00001270       0x74 ./drivers/fsl_usart.o
                0x00001270                USART_GetDefaultConfig
 .text.USART_SetBaudRate
                0x000012e4      0x110 ./drivers/fsl_usart.o
                0x000012e4                USART_SetBaudRate
 .text.USART_WriteBlocking
                0x000013f4       0x88 ./drivers/fsl_usart.o
                0x000013f4                USART_WriteBlocking
 .text.USART_ReadBlocking
                0x0000147c      0x10c ./drivers/fsl_usart.o
                0x0000147c                USART_ReadBlocking
 .text.SystemInit
                0x00001588       0x64 ./device/system_LPC55S69_cm33_core0.o
                0x00001588                SystemInit
 .text.HAL_UartInit
                0x000015ec      0x108 ./component/uart/usart_adapter.o
                0x000015ec                HAL_UartInit
 .text.HAL_UartReceiveBlocking
                0x000016f4       0x6c ./component/uart/usart_adapter.o
                0x000016f4                HAL_UartReceiveBlocking
 .text.HAL_UartSendBlocking
                0x00001760       0x64 ./component/uart/usart_adapter.o
                0x00001760                HAL_UartSendBlocking
 .text.SerialManager_Write
                0x000017c4       0x6c ./component/serial_manager/serial_manager.o
 .text.SerialManager_Read
                0x00001830       0x6c ./component/serial_manager/serial_manager.o
 .text.SerialManager_Init
                0x0000189c       0x74 ./component/serial_manager/serial_manager.o
                0x0000189c                SerialManager_Init
 .text.SerialManager_OpenWriteHandle
                0x00001910       0x58 ./component/serial_manager/serial_manager.o
                0x00001910                SerialManager_OpenWriteHandle
 .text.SerialManager_OpenReadHandle
                0x00001968       0x60 ./component/serial_manager/serial_manager.o
                0x00001968                SerialManager_OpenReadHandle
 .text.Serial_UartInit
                0x000019c8       0x80 ./component/serial_manager/serial_port_uart.o
                0x000019c8                Serial_UartInit
 .text.Serial_UartWrite
                0x00001a48       0x58 ./component/serial_manager/serial_port_uart.o
                0x00001a48                Serial_UartWrite
 .text.Serial_UartRead
                0x00001aa0       0x58 ./component/serial_manager/serial_port_uart.o
                0x00001aa0                Serial_UartRead
 .text.BOARD_InitDebugConsole
                0x00001af8       0x38 ./board/boards/board.o
                0x00001af8                BOARD_InitDebugConsole
 .text.POWER_DisablePD
                0x00001b30       0x20 ./board/boards/clock_config.o
 .text.BOARD_BootClockFROHF96M
                0x00001b50       0x58 ./board/boards/clock_config.o
                0x00001b50                BOARD_BootClockFROHF96M
 .text.BOARD_InitPins
                0x00001ba8       0x3c ./board/boards/pin_mux.o
                0x00001ba8                BOARD_InitPins
 .text.nio_set_system_voltage
                0x00001be4       0xc0 C:\Users\TEMP\Documents\MCUXpressoIDE_11.6.0_8187\workspace\LPC55S69_Project\libs\libpower_hardabi.a(fsl_power_lib.o)
                0x00001be4                nio_set_system_voltage
 .text.POWER_SetVoltageForFreq
                0x00001ca4       0x28 C:\Users\TEMP\Documents\MCUXpressoIDE_11.6.0_8187\workspace\LPC55S69_Project\libs\libpower_hardabi.a(fsl_power_lib.o)
                0x00001ca4                POWER_SetVoltageForFreq
 .text.__assertion_failed
                0x00001ccc       0x4c c:/appz/nxp/mcuxpressoide_11.6.0_8187/ide/plugins/com.nxp.mcuxpresso.tools.win32_11.6.0.202112161359/tools/bin/../lib/gcc/arm-none-eabi/10.3.1/../../../../arm-none-eabi/lib/thumb/v8-m.main+fp/hard\libcr_nohost_nf.a(_cr_assert.o)
                0x00001ccc                __assertion_failed
 .text._Cwritebuf
                0x00001d18       0x6c c:/appz/nxp/mcuxpressoide_11.6.0_8187/ide/plugins/com.nxp.mcuxpresso.tools.win32_11.6.0.202112161359/tools/bin/../lib/gcc/arm-none-eabi/10.3.1/../../../../arm-none-eabi/lib/thumb/v8-m.main+fp/hard\libcr_c.a(_writebuf.o)
                0x00001d18                _Cwritebuf
 .text.malloc   0x00001d84       0xc8 c:/appz/nxp/mcuxpressoide_11.6.0_8187/ide/plugins/com.nxp.mcuxpresso.tools.win32_11.6.0.202112161359/tools/bin/../lib/gcc/arm-none-eabi/10.3.1/../../../../arm-none-eabi/lib/thumb/v8-m.main+fp/hard\libcr_c.a(alloc.o)
                0x00001d84                malloc
 .text._Csys_alloc
                0x00001e4c       0x20 c:/appz/nxp/mcuxpressoide_11.6.0_8187/ide/plugins/com.nxp.mcuxpresso.tools.win32_11.6.0.202112161359/tools/bin/../lib/gcc/arm-none-eabi/10.3.1/../../../../arm-none-eabi/lib/thumb/v8-m.main+fp/hard\libcr_c.a(alloc.o)
                0x00001e4c                _Csys_alloc
 .text.fseek    0x00001e6c       0xfc c:/appz/nxp/mcuxpressoide_11.6.0_8187/ide/plugins/com.nxp.mcuxpresso.tools.win32_11.6.0.202112161359/tools/bin/../lib/gcc/arm-none-eabi/10.3.1/../../../../arm-none-eabi/lib/thumb/v8-m.main+fp/hard\libcr_c.a(fseek.o)
                0x00001e6c                fseek
 .text.ftell    0x00001f68       0x44 c:/appz/nxp/mcuxpressoide_11.6.0_8187/ide/plugins/com.nxp.mcuxpresso.tools.win32_11.6.0.202112161359/tools/bin/../lib/gcc/arm-none-eabi/10.3.1/../../../../arm-none-eabi/lib/thumb/v8-m.main+fp/hard\libcr_c.a(ftell.o)
                0x00001f68                ftell
 .text._initio  0x00001fac       0x78 c:/appz/nxp/mcuxpressoide_11.6.0_8187/ide/plugins/com.nxp.mcuxpresso.tools.win32_11.6.0.202112161359/tools/bin/../lib/gcc/arm-none-eabi/10.3.1/../../../../arm-none-eabi/lib/thumb/v8-m.main+fp/hard\libcr_c.a(initio.o)
                0x00001fac                _initio
 .text._sbrk    0x00002024       0x3c c:/appz/nxp/mcuxpressoide_11.6.0_8187/ide/plugins/com.nxp.mcuxpresso.tools.win32_11.6.0.202112161359/tools/bin/../lib/gcc/arm-none-eabi/10.3.1/../../../../arm-none-eabi/lib/thumb/v8-m.main+fp/hard\libcr_c.a(_cr_sbrk.o)
                0x00002024                _sbrk
 .text.fflush   0x00002060       0x3c c:/appz/nxp/mcuxpressoide_11.6.0_8187/ide/plugins/com.nxp.mcuxpresso.tools.win32_11.6.0.202112161359/tools/bin/../lib/gcc/arm-none-eabi/10.3.1/../../../../arm-none-eabi/lib/thumb/v8-m.main+fp/hard\libcr_c.a(fflush.o)
                0x00002060                fflush
 .text.__check_heap_overflow
                0x0000209c       0x18 c:/appz/nxp/mcuxpressoide_11.6.0_8187/ide/plugins/com.nxp.mcuxpresso.tools.win32_11.6.0.202112161359/tools/bin/../lib/gcc/arm-none-eabi/10.3.1/../../../../arm-none-eabi/lib/thumb/v8-m.main+fp/hard\libcr_c.a(_cr_check_heap.o)
                0x0000209c                __check_heap_overflow
 .text.__aeabi_dmul
                0x000020b4       0xfc c:/appz/nxp/mcuxpressoide_11.6.0_8187/ide/plugins/com.nxp.mcuxpresso.tools.win32_11.6.0.202112161359/tools/bin/../lib/gcc/arm-none-eabi/10.3.1/thumb/v8-m.main+fp/hard\libcr_eabihelpers.a(double.o)
                0x000020b4                __aeabi_dmul
 .text.__aeabi_d2f
                0x000021b0       0x58 c:/appz/nxp/mcuxpressoide_11.6.0_8187/ide/plugins/com.nxp.mcuxpresso.tools.win32_11.6.0.202112161359/tools/bin/../lib/gcc/arm-none-eabi/10.3.1/thumb/v8-m.main+fp/hard\libcr_eabihelpers.a(double.o)
                0x000021b0                __aeabi_d2f
 .text.__aeabi_f2d
                0x00002208       0x38 c:/appz/nxp/mcuxpressoide_11.6.0_8187/ide/plugins/com.nxp.mcuxpresso.tools.win32_11.6.0.202112161359/tools/bin/../lib/gcc/arm-none-eabi/10.3.1/thumb/v8-m.main+fp/hard\libcr_eabihelpers.a(float.o)
                0x00002208                __aeabi_f2d
 .text.DbgConsole_PrintCallback
                0x00002240       0x66 ./utilities/fsl_debug_console.o
 .text.DbgConsole_Scanf
                0x000022a6       0x48 ./utilities/fsl_debug_console.o
                0x000022a6                DbgConsole_Scanf
 .text.ScanIgnoreWhiteSpace
                0x000022ee       0x60 ./utilities/fsl_str.o
 .text.ConvertRadixNumToString
                0x0000234e      0x114 ./utilities/fsl_str.o
 .text.StrFormatPrintf
                0x00002462      0x30c ./utilities/fsl_str.o
                0x00002462                StrFormatPrintf
 .text.WDT_BOD_IRQHandler
                0x0000276e        0x8 ./startup/startup_lpc55s69_cm33_core0.o
                0x0000276e                WDT_BOD_IRQHandler
 .text.DMA0_IRQHandler
                0x00002776        0x8 ./startup/startup_lpc55s69_cm33_core0.o
                0x00002776                DMA0_IRQHandler
 .text.GINT0_IRQHandler
                0x0000277e        0x8 ./startup/startup_lpc55s69_cm33_core0.o
                0x0000277e                GINT0_IRQHandler
 .text.GINT1_IRQHandler
                0x00002786        0x8 ./startup/startup_lpc55s69_cm33_core0.o
                0x00002786                GINT1_IRQHandler
 .text.PIN_INT0_IRQHandler
                0x0000278e        0x8 ./startup/startup_lpc55s69_cm33_core0.o
                0x0000278e                PIN_INT0_IRQHandler
 .text.PIN_INT1_IRQHandler
                0x00002796        0x8 ./startup/startup_lpc55s69_cm33_core0.o
                0x00002796                PIN_INT1_IRQHandler
 .text.PIN_INT2_IRQHandler
                0x0000279e        0x8 ./startup/startup_lpc55s69_cm33_core0.o
                0x0000279e                PIN_INT2_IRQHandler
 .text.PIN_INT3_IRQHandler
                0x000027a6        0x8 ./startup/startup_lpc55s69_cm33_core0.o
                0x000027a6                PIN_INT3_IRQHandler
 .text.UTICK0_IRQHandler
                0x000027ae        0x8 ./startup/startup_lpc55s69_cm33_core0.o
                0x000027ae                UTICK0_IRQHandler
 .text.MRT0_IRQHandler
                0x000027b6        0x8 ./startup/startup_lpc55s69_cm33_core0.o
                0x000027b6                MRT0_IRQHandler
 .text.CTIMER0_IRQHandler
                0x000027be        0x8 ./startup/startup_lpc55s69_cm33_core0.o
                0x000027be                CTIMER0_IRQHandler
 .text.CTIMER1_IRQHandler
                0x000027c6        0x8 ./startup/startup_lpc55s69_cm33_core0.o
                0x000027c6                CTIMER1_IRQHandler
 .text.SCT0_IRQHandler
                0x000027ce        0x8 ./startup/startup_lpc55s69_cm33_core0.o
                0x000027ce                SCT0_IRQHandler
 .text.CTIMER3_IRQHandler
                0x000027d6        0x8 ./startup/startup_lpc55s69_cm33_core0.o
                0x000027d6                CTIMER3_IRQHandler
 .text.FLEXCOMM0_IRQHandler
                0x000027de        0x8 ./startup/startup_lpc55s69_cm33_core0.o
                0x000027de                FLEXCOMM0_IRQHandler
 .text.FLEXCOMM1_IRQHandler
                0x000027e6        0x8 ./startup/startup_lpc55s69_cm33_core0.o
                0x000027e6                FLEXCOMM1_IRQHandler
 .text.FLEXCOMM2_IRQHandler
                0x000027ee        0x8 ./startup/startup_lpc55s69_cm33_core0.o
                0x000027ee                FLEXCOMM2_IRQHandler
 .text.FLEXCOMM3_IRQHandler
                0x000027f6        0x8 ./startup/startup_lpc55s69_cm33_core0.o
                0x000027f6                FLEXCOMM3_IRQHandler
 .text.FLEXCOMM4_IRQHandler
                0x000027fe        0x8 ./startup/startup_lpc55s69_cm33_core0.o
                0x000027fe                FLEXCOMM4_IRQHandler
 .text.FLEXCOMM5_IRQHandler
                0x00002806        0x8 ./startup/startup_lpc55s69_cm33_core0.o
                0x00002806                FLEXCOMM5_IRQHandler
 .text.FLEXCOMM6_IRQHandler
                0x0000280e        0x8 ./startup/startup_lpc55s69_cm33_core0.o
                0x0000280e                FLEXCOMM6_IRQHandler
 .text.FLEXCOMM7_IRQHandler
                0x00002816        0x8 ./startup/startup_lpc55s69_cm33_core0.o
                0x00002816                FLEXCOMM7_IRQHandler
 .text.ADC0_IRQHandler
                0x0000281e        0x8 ./startup/startup_lpc55s69_cm33_core0.o
                0x0000281e                ADC0_IRQHandler
 .text.Reserved39_IRQHandler
                0x00002826        0x8 ./startup/startup_lpc55s69_cm33_core0.o
                0x00002826                Reserved39_IRQHandler
 .text.ACMP_IRQHandler
                0x0000282e        0x8 ./startup/startup_lpc55s69_cm33_core0.o
                0x0000282e                ACMP_IRQHandler
 .text.Reserved41_IRQHandler
                0x00002836        0x8 ./startup/startup_lpc55s69_cm33_core0.o
                0x00002836                Reserved41_IRQHandler
 .text.Reserved42_IRQHandler
                0x0000283e        0x8 ./startup/startup_lpc55s69_cm33_core0.o
                0x0000283e                Reserved42_IRQHandler
 .text.USB0_NEEDCLK_IRQHandler
                0x00002846        0x8 ./startup/startup_lpc55s69_cm33_core0.o
                0x00002846                USB0_NEEDCLK_IRQHandler
 .text.USB0_IRQHandler
                0x0000284e        0x8 ./startup/startup_lpc55s69_cm33_core0.o
                0x0000284e                USB0_IRQHandler
 .text.RTC_IRQHandler
                0x00002856        0x8 ./startup/startup_lpc55s69_cm33_core0.o
                0x00002856                RTC_IRQHandler
 .text.Reserved46_IRQHandler
                0x0000285e        0x8 ./startup/startup_lpc55s69_cm33_core0.o
                0x0000285e                Reserved46_IRQHandler
 .text.MAILBOX_IRQHandler
                0x00002866        0x8 ./startup/startup_lpc55s69_cm33_core0.o
                0x00002866                MAILBOX_IRQHandler
 .text.PIN_INT4_IRQHandler
                0x0000286e        0x8 ./startup/startup_lpc55s69_cm33_core0.o
                0x0000286e                PIN_INT4_IRQHandler
 .text.PIN_INT5_IRQHandler
                0x00002876        0x8 ./startup/startup_lpc55s69_cm33_core0.o
                0x00002876                PIN_INT5_IRQHandler
 .text.PIN_INT6_IRQHandler
                0x0000287e        0x8 ./startup/startup_lpc55s69_cm33_core0.o
                0x0000287e                PIN_INT6_IRQHandler
 .text.PIN_INT7_IRQHandler
                0x00002886        0x8 ./startup/startup_lpc55s69_cm33_core0.o
                0x00002886                PIN_INT7_IRQHandler
 .text.CTIMER2_IRQHandler
                0x0000288e        0x8 ./startup/startup_lpc55s69_cm33_core0.o
                0x0000288e                CTIMER2_IRQHandler
 .text.CTIMER4_IRQHandler
                0x00002896        0x8 ./startup/startup_lpc55s69_cm33_core0.o
                0x00002896                CTIMER4_IRQHandler
 .text.OS_EVENT_IRQHandler
                0x0000289e        0x8 ./startup/startup_lpc55s69_cm33_core0.o
                0x0000289e                OS_EVENT_IRQHandler
 .text.Reserved55_IRQHandler
                0x000028a6        0x8 ./startup/startup_lpc55s69_cm33_core0.o
                0x000028a6                Reserved55_IRQHandler
 .text.Reserved56_IRQHandler
                0x000028ae        0x8 ./startup/startup_lpc55s69_cm33_core0.o
                0x000028ae                Reserved56_IRQHandler
 .text.Reserved57_IRQHandler
                0x000028b6        0x8 ./startup/startup_lpc55s69_cm33_core0.o
                0x000028b6                Reserved57_IRQHandler
 .text.SDIO_IRQHandler
                0x000028be        0x8 ./startup/startup_lpc55s69_cm33_core0.o
                0x000028be                SDIO_IRQHandler
 .text.Reserved59_IRQHandler
                0x000028c6        0x8 ./startup/startup_lpc55s69_cm33_core0.o
                0x000028c6                Reserved59_IRQHandler
 .text.Reserved60_IRQHandler
                0x000028ce        0x8 ./startup/startup_lpc55s69_cm33_core0.o
                0x000028ce                Reserved60_IRQHandler
 .text.Reserved61_IRQHandler
                0x000028d6        0x8 ./startup/startup_lpc55s69_cm33_core0.o
                0x000028d6                Reserved61_IRQHandler
 .text.USB1_UTMI_IRQHandler
                0x000028de        0x8 ./startup/startup_lpc55s69_cm33_core0.o
                0x000028de                USB1_UTMI_IRQHandler
 .text.USB1_IRQHandler
                0x000028e6        0x8 ./startup/startup_lpc55s69_cm33_core0.o
                0x000028e6                USB1_IRQHandler
 .text.USB1_NEEDCLK_IRQHandler
                0x000028ee        0x8 ./startup/startup_lpc55s69_cm33_core0.o
                0x000028ee                USB1_NEEDCLK_IRQHandler
 .text.SEC_HYPERVISOR_CALL_IRQHandler
                0x000028f6        0x8 ./startup/startup_lpc55s69_cm33_core0.o
                0x000028f6                SEC_HYPERVISOR_CALL_IRQHandler
 .text.SEC_GPIO_INT0_IRQ0_IRQHandler
                0x000028fe        0x8 ./startup/startup_lpc55s69_cm33_core0.o
                0x000028fe                SEC_GPIO_INT0_IRQ0_IRQHandler
 .text.SEC_GPIO_INT0_IRQ1_IRQHandler
                0x00002906        0x8 ./startup/startup_lpc55s69_cm33_core0.o
                0x00002906                SEC_GPIO_INT0_IRQ1_IRQHandler
 .text.PLU_IRQHandler
                0x0000290e        0x8 ./startup/startup_lpc55s69_cm33_core0.o
                0x0000290e                PLU_IRQHandler
 .text.SEC_VIO_IRQHandler
                0x00002916        0x8 ./startup/startup_lpc55s69_cm33_core0.o
                0x00002916                SEC_VIO_IRQHandler
 .text.HASHCRYPT_IRQHandler
                0x0000291e        0x8 ./startup/startup_lpc55s69_cm33_core0.o
                0x0000291e                HASHCRYPT_IRQHandler
 .text.CASER_IRQHandler
                0x00002926        0x8 ./startup/startup_lpc55s69_cm33_core0.o
                0x00002926                CASER_IRQHandler
 .text.PUF_IRQHandler
                0x0000292e        0x8 ./startup/startup_lpc55s69_cm33_core0.o
                0x0000292e                PUF_IRQHandler
 .text.PQ_IRQHandler
                0x00002936        0x8 ./startup/startup_lpc55s69_cm33_core0.o
                0x00002936                PQ_IRQHandler
 .text.DMA1_IRQHandler
                0x0000293e        0x8 ./startup/startup_lpc55s69_cm33_core0.o
                0x0000293e                DMA1_IRQHandler
 .text.FLEXCOMM8_IRQHandler
                0x00002946        0x8 ./startup/startup_lpc55s69_cm33_core0.o
                0x00002946                FLEXCOMM8_IRQHandler
 .text.strcmp_safe.0
                0x0000294e       0x9c ./source/LPC55S69_Project.o
 .text.HardFault_Handler
                0x000029ea       0x2c ./source/semihost_hardfault.o
                0x000029ea                HardFault_Handler
 .text.CLOCK_EnableClock
                0x00002a16       0x30 ./drivers/fsl_flexcomm.o
 .text.FLEXCOMM_PeripheralIsPresent
                0x00002a46       0x64 ./drivers/fsl_flexcomm.o
 .text.FLEXCOMM_SetPeriph
                0x00002aaa       0x74 ./drivers/fsl_flexcomm.o
 .text.RESET_PeripheralReset
                0x00002b1e       0x1c ./drivers/fsl_reset.o
                0x00002b1e                RESET_PeripheralReset
 .text.USART_EnableContinuousSCLK
                0x00002b3a       0x38 ./drivers/fsl_usart.o
 .text.SystemInitHook
                0x00002b72        0xe ./device/system_LPC55S69_cm33_core0.o
                0x00002b72                SystemInitHook
 .text.HAL_UartGetStatus
                0x00002b80       0x22 ./component/uart/usart_adapter.o
 .text.SerialManager_StartWriting
                0x00002ba2       0x4a ./component/serial_manager/serial_manager.o
 .text.SerialManager_StartReading
                0x00002bec       0x4a ./component/serial_manager/serial_manager.o
 .text.SerialManager_WriteBlocking
                0x00002c36       0x20 ./component/serial_manager/serial_manager.o
                0x00002c36                SerialManager_WriteBlocking
 .text.SerialManager_ReadBlocking
                0x00002c56       0x20 ./component/serial_manager/serial_manager.o
                0x00002c56                SerialManager_ReadBlocking
 .text.BOARD_InitBootClocks
                0x00002c76        0xc ./board/boards/clock_config.o
                0x00002c76                BOARD_InitBootClocks
 .text.BOARD_InitBootPeripherals
                0x00002c82        0xe ./board/boards/peripherals.o
                0x00002c82                BOARD_InitBootPeripherals
 .text.CLOCK_EnableClock
                0x00002c90       0x30 ./board/boards/pin_mux.o
 .text.IOCON_PinMuxSet
                0x00002cc0       0x2e ./board/boards/pin_mux.o
 .text.BOARD_InitBootPins
                0x00002cee        0xc ./board/boards/pin_mux.o
                0x00002cee                BOARD_InitBootPins
 .text.__main   0x00002cfa        0xe c:/appz/nxp/mcuxpressoide_11.6.0_8187/ide/plugins/com.nxp.mcuxpresso.tools.win32_11.6.0.202112161359/tools/bin/../lib/gcc/arm-none-eabi/10.3.1/../../../../arm-none-eabi/lib/thumb/v8-m.main+fp/hard\libcr_nohost_nf.a(_cr__main.o)
                0x00002cfa                __main
 .text.__sys_appexit
                0x00002d08        0x2 c:/appz/nxp/mcuxpressoide_11.6.0_8187/ide/plugins/com.nxp.mcuxpresso.tools.win32_11.6.0.202112161359/tools/bin/../lib/gcc/arm-none-eabi/10.3.1/../../../../arm-none-eabi/lib/thumb/v8-m.main+fp/hard\libcr_nohost_nf.a(__sys_appexit.o)
                0x00002d08                __sys_appexit
                0x00002d08                __exit
 .text.memset   0x00002d0a        0x4 c:/appz/nxp/mcuxpressoide_11.6.0_8187/ide/plugins/com.nxp.mcuxpresso.tools.win32_11.6.0.202112161359/tools/bin/../lib/gcc/arm-none-eabi/10.3.1/../../../../arm-none-eabi/lib/thumb/v8-m.main+fp/hard\libcr_c.a(memset.o)
                0x00002d0a                memset
 .text._deferredlazyseek
                0x00002d0e       0x40 c:/appz/nxp/mcuxpressoide_11.6.0_8187/ide/plugins/com.nxp.mcuxpresso.tools.win32_11.6.0.202112161359/tools/bin/../lib/gcc/arm-none-eabi/10.3.1/../../../../arm-none-eabi/lib/thumb/v8-m.main+fp/hard\libcr_c.a(_deferredlazyseek.o)
                0x00002d0e                _deferredlazyseek
 .text.__flsbuf
                0x00002d4e      0x140 c:/appz/nxp/mcuxpressoide_11.6.0_8187/ide/plugins/com.nxp.mcuxpresso.tools.win32_11.6.0.202112161359/tools/bin/../lib/gcc/arm-none-eabi/10.3.1/../../../../arm-none-eabi/lib/thumb/v8-m.main+fp/hard\libcr_c.a(_deferredlazyseek.o)
                0x00002d4e                __flsbuf
 .text._fflush  0x00002e8e       0x52 c:/appz/nxp/mcuxpressoide_11.6.0_8187/ide/plugins/com.nxp.mcuxpresso.tools.win32_11.6.0.202112161359/tools/bin/../lib/gcc/arm-none-eabi/10.3.1/../../../../arm-none-eabi/lib/thumb/v8-m.main+fp/hard\libcr_c.a(_fflush.o)
                0x00002e8e                _fflush
 .text.free     0x00002ee0       0x30 c:/appz/nxp/mcuxpressoide_11.6.0_8187/ide/plugins/com.nxp.mcuxpresso.tools.win32_11.6.0.202112161359/tools/bin/../lib/gcc/arm-none-eabi/10.3.1/../../../../arm-none-eabi/lib/thumb/v8-m.main+fp/hard\libcr_c.a(alloc.o)
                0x00002ee0                free
 .text.fputs    0x00002f10       0x2c c:/appz/nxp/mcuxpressoide_11.6.0_8187/ide/plugins/com.nxp.mcuxpresso.tools.win32_11.6.0.202112161359/tools/bin/../lib/gcc/arm-none-eabi/10.3.1/../../../../arm-none-eabi/lib/thumb/v8-m.main+fp/hard\libcr_c.a(fputs.o)
                0x00002f10                fputs
 .text.setvbuf  0x00002f3c       0x3e c:/appz/nxp/mcuxpressoide_11.6.0_8187/ide/plugins/com.nxp.mcuxpresso.tools.win32_11.6.0.202112161359/tools/bin/../lib/gcc/arm-none-eabi/10.3.1/../../../../arm-none-eabi/lib/thumb/v8-m.main+fp/hard\libcr_c.a(setvbuf.o)
                0x00002f3c                setvbuf
 .text.strlen   0x00002f7a       0x48 c:/appz/nxp/mcuxpressoide_11.6.0_8187/ide/plugins/com.nxp.mcuxpresso.tools.win32_11.6.0.202112161359/tools/bin/../lib/gcc/arm-none-eabi/10.3.1/../../../../arm-none-eabi/lib/thumb/v8-m.main+fp/hard\libcr_c.a(strlen.o)
                0x00002f7a                strlen
 .text._fdopen  0x00002fc2       0x68 c:/appz/nxp/mcuxpressoide_11.6.0_8187/ide/plugins/com.nxp.mcuxpresso.tools.win32_11.6.0.202112161359/tools/bin/../lib/gcc/arm-none-eabi/10.3.1/../../../../arm-none-eabi/lib/thumb/v8-m.main+fp/hard\libcr_c.a(_fdopen.o)
                0x00002fc2                _fdopen
 .text.fclose   0x0000302a       0x58 c:/appz/nxp/mcuxpressoide_11.6.0_8187/ide/plugins/com.nxp.mcuxpresso.tools.win32_11.6.0.202112161359/tools/bin/../lib/gcc/arm-none-eabi/10.3.1/../../../../arm-none-eabi/lib/thumb/v8-m.main+fp/hard\libcr_c.a(fclose.o)
                0x0000302a                fclose
 .text.remove   0x00003082       0x14 c:/appz/nxp/mcuxpressoide_11.6.0_8187/ide/plugins/com.nxp.mcuxpresso.tools.win32_11.6.0.202112161359/tools/bin/../lib/gcc/arm-none-eabi/10.3.1/../../../../arm-none-eabi/lib/thumb/v8-m.main+fp/hard\libcr_c.a(remove.o)
                0x00003082                remove
 .text._do_fflush
                0x00003096       0x40 c:/appz/nxp/mcuxpressoide_11.6.0_8187/ide/plugins/com.nxp.mcuxpresso.tools.win32_11.6.0.202112161359/tools/bin/../lib/gcc/arm-none-eabi/10.3.1/../../../../arm-none-eabi/lib/thumb/v8-m.main+fp/hard\libcr_c.a(_do_fflush.o)
                0x00003096                _do_fflush
 .text.__aeabi_memset_lowlevel
                0x000030d6       0x32 c:/appz/nxp/mcuxpressoide_11.6.0_8187/ide/plugins/com.nxp.mcuxpresso.tools.win32_11.6.0.202112161359/tools/bin/../lib/gcc/arm-none-eabi/10.3.1/thumb/v8-m.main+fp/hard\libcr_eabihelpers.a(memcpy.o)
                0x000030d6                __aeabi_lowlevel_memset
 .text.__sys_close
                0x00003108        0x6 c:/appz/nxp/mcuxpressoide_11.6.0_8187/ide/plugins/com.nxp.mcuxpresso.tools.win32_11.6.0.202112161359/tools/bin/../lib/gcc/arm-none-eabi/10.3.1/../../../../arm-none-eabi/lib/thumb/v8-m.main+fp/hard\libcr_nohost_nf.a(__sys_close.o)
                0x00003108                __sys_close
 .text.__sys_flen
                0x0000310e        0x6 c:/appz/nxp/mcuxpressoide_11.6.0_8187/ide/plugins/com.nxp.mcuxpresso.tools.win32_11.6.0.202112161359/tools/bin/../lib/gcc/arm-none-eabi/10.3.1/../../../../arm-none-eabi/lib/thumb/v8-m.main+fp/hard\libcr_nohost_nf.a(__sys_flen.o)
                0x0000310e                __sys_flen
 .text.__sys_istty
                0x00003114        0x6 c:/appz/nxp/mcuxpressoide_11.6.0_8187/ide/plugins/com.nxp.mcuxpresso.tools.win32_11.6.0.202112161359/tools/bin/../lib/gcc/arm-none-eabi/10.3.1/../../../../arm-none-eabi/lib/thumb/v8-m.main+fp/hard\libcr_nohost_nf.a(__sys_istty.o)
                0x00003114                __sys_istty
 .text.__sys_remove
                0x0000311a        0x6 c:/appz/nxp/mcuxpressoide_11.6.0_8187/ide/plugins/com.nxp.mcuxpresso.tools.win32_11.6.0.202112161359/tools/bin/../lib/gcc/arm-none-eabi/10.3.1/../../../../arm-none-eabi/lib/thumb/v8-m.main+fp/hard\libcr_nohost_nf.a(__sys_remove.o)
                0x0000311a                __sys_remove
 .text.__sys_seek
                0x00003120        0x6 c:/appz/nxp/mcuxpressoide_11.6.0_8187/ide/plugins/com.nxp.mcuxpresso.tools.win32_11.6.0.202112161359/tools/bin/../lib/gcc/arm-none-eabi/10.3.1/../../../../arm-none-eabi/lib/thumb/v8-m.main+fp/hard\libcr_nohost_nf.a(__sys_seek.o)
                0x00003120                __sys_seek
 .text.__sys_tmpnam
                0x00003126        0x6 c:/appz/nxp/mcuxpressoide_11.6.0_8187/ide/plugins/com.nxp.mcuxpresso.tools.win32_11.6.0.202112161359/tools/bin/../lib/gcc/arm-none-eabi/10.3.1/../../../../arm-none-eabi/lib/thumb/v8-m.main+fp/hard\libcr_nohost_nf.a(__sys_tmpnam.o)
                0x00003126                __sys_tmpnam
 .text.__sys_write
                0x0000312c        0x4 c:/appz/nxp/mcuxpressoide_11.6.0_8187/ide/plugins/com.nxp.mcuxpresso.tools.win32_11.6.0.202112161359/tools/bin/../lib/gcc/arm-none-eabi/10.3.1/../../../../arm-none-eabi/lib/thumb/v8-m.main+fp/hard\libcr_nohost_nf.a(__sys_write.o)
                0x0000312c                __sys_write
 *(SORT_BY_ALIGNMENT(.rodata) SORT_BY_ALIGNMENT(.rodata.*) SORT_BY_ALIGNMENT(.constdata) SORT_BY_ALIGNMENT(.constdata.*))
 .rodata.DbgConsole_SendDataReliable.str1.4
                0x00003130       0x4c ./utilities/fsl_debug_console.o
 .rodata.DbgConsole_ReadLine.str1.4
                0x0000317c       0x26 ./utilities/fsl_debug_console.o
 *fill*         0x000031a2        0x2 ff
 .rodata.DbgConsole_Init.str1.4
                0x000031a4       0xca ./utilities/fsl_debug_console.o
 *fill*         0x0000326e        0x2 ff
 .rodata.main.str1.4
                0x00003270       0x74 ./source/LPC55S69_Project.o
 .rodata        0x000032e4       0x14 ./source/LPC55S69_Project.o
 .rodata.s_flexcommBaseAddrs
                0x000032f8       0x24 ./drivers/fsl_flexcomm.o
 .rodata.s_flexcommClocks
                0x0000331c       0x12 ./drivers/fsl_flexcomm.o
 *fill*         0x0000332e        0x2 ff
 .rodata.s_flexcommResets
                0x00003330       0x24 ./drivers/fsl_flexcomm.o
 .rodata.FLEXCOMM_GetInstance.str1.4
                0x00003354       0x1a ./drivers/fsl_flexcomm.o
 *fill*         0x0000336e        0x2 ff
 .rodata.FLEXCOMM0_DriverIRQHandler.str1.4
                0x00003370       0x2d ./drivers/fsl_flexcomm.o
 *fill*         0x0000339d        0x3 ff
 .rodata.FLEXCOMM1_DriverIRQHandler.str1.4
                0x000033a0       0x2d ./drivers/fsl_flexcomm.o
 *fill*         0x000033cd        0x3 ff
 .rodata.FLEXCOMM2_DriverIRQHandler.str1.4
                0x000033d0       0x2d ./drivers/fsl_flexcomm.o
 *fill*         0x000033fd        0x3 ff
 .rodata.FLEXCOMM3_DriverIRQHandler.str1.4
                0x00003400       0x2d ./drivers/fsl_flexcomm.o
 *fill*         0x0000342d        0x3 ff
 .rodata.FLEXCOMM4_DriverIRQHandler.str1.4
                0x00003430       0x2d ./drivers/fsl_flexcomm.o
 *fill*         0x0000345d        0x3 ff
 .rodata.FLEXCOMM5_DriverIRQHandler.str1.4
                0x00003460       0x2d ./drivers/fsl_flexcomm.o
 *fill*         0x0000348d        0x3 ff
 .rodata.FLEXCOMM6_DriverIRQHandler.str1.4
                0x00003490       0x2d ./drivers/fsl_flexcomm.o
 *fill*         0x000034bd        0x3 ff
 .rodata.FLEXCOMM7_DriverIRQHandler.str1.4
                0x000034c0       0x2d ./drivers/fsl_flexcomm.o
 *fill*         0x000034ed        0x3 ff
 .rodata.FLEXCOMM8_DriverIRQHandler.str1.4
                0x000034f0       0x2d ./drivers/fsl_flexcomm.o
 *fill*         0x0000351d        0x3 ff
 .rodata.RESET_SetPeripheralReset.str1.4
                0x00003520       0x1e ./drivers/fsl_reset.o
 *fill*         0x0000353e        0x2 ff
 .rodata.RESET_ClearPeripheralReset.str1.4
                0x00003540       0x1e ./drivers/fsl_reset.o
 *fill*         0x0000355e        0x2 ff
 .rodata.USART_Init.str1.4
                0x00003560       0x4e ./drivers/fsl_usart.o
 *fill*         0x000035ae        0x2 ff
 .rodata.USART_GetDefaultConfig.str1.4
                0x000035b0       0x21 ./drivers/fsl_usart.o
 *fill*         0x000035d1        0x3 ff
 .rodata.USART_SetBaudRate.str1.4
                0x000035d4       0x51 ./drivers/fsl_usart.o
 *fill*         0x00003625        0x3 ff
 .rodata.USART_WriteBlocking.str1.4
                0x00003628       0x36 ./drivers/fsl_usart.o
 *fill*         0x0000365e        0x2 ff
 .rodata.USART_ReadBlocking.str1.4
                0x00003660       0x36 ./drivers/fsl_usart.o
 *fill*         0x00003696        0x2 ff
 .rodata.s_UsartAdapterBase
                0x00003698       0x20 ./component/uart/usart_adapter.o
 .rodata.HAL_UartInit.str1.4
                0x000036b8       0xdb ./component/uart/usart_adapter.o
 *fill*         0x00003793        0x1 ff
 .rodata.HAL_UartReceiveBlocking.str1.4
                0x00003794       0x59 ./component/uart/usart_adapter.o
 *fill*         0x000037ed        0x3 ff
 .rodata.HAL_UartSendBlocking.str1.4
                0x000037f0       0x59 ./component/uart/usart_adapter.o
 *fill*         0x00003849        0x3 ff
 .rodata.SerialManager_Write.str1.4
                0x0000384c       0x82 ./component/serial_manager/serial_manager.o
 *fill*         0x000038ce        0x2 ff
 .rodata.SerialManager_Read.str1.4
                0x000038d0       0x82 ./component/serial_manager/serial_manager.o
 *fill*         0x00003952        0x2 ff
 .rodata.SerialManager_Init.str1.4
                0x00003954       0x44 ./component/serial_manager/serial_manager.o
 .rodata.SerialManager_OpenWriteHandle.str1.4
                0x00003998       0x47 ./component/serial_manager/serial_manager.o
 *fill*         0x000039df        0x1 ff
 .rodata.SerialManager_OpenReadHandle.str1.4
                0x000039e0       0x4b ./component/serial_manager/serial_manager.o
 *fill*         0x00003a2b        0x1 ff
 .rodata.Serial_UartInit.str1.4
                0x00003a2c       0x4e ./component/serial_manager/serial_port_uart.o
 *fill*         0x00003a7a        0x2 ff
 .rodata.Serial_UartWrite.str1.4
                0x00003a7c       0x68 ./component/serial_manager/serial_port_uart.o
 .rodata.Serial_UartRead.str1.4
                0x00003ae4       0x68 ./component/serial_manager/serial_port_uart.o
 .rodata.__num_Ciob_streams
                0x00003b4c        0x4 c:/appz/nxp/mcuxpressoide_11.6.0_8187/ide/plugins/com.nxp.mcuxpresso.tools.win32_11.6.0.202112161359/tools/bin/../lib/gcc/arm-none-eabi/10.3.1/../../../../arm-none-eabi/lib/thumb/v8-m.main+fp/hard\libcr_nohost_nf.a(__ciob.o)
                0x00003b4c                __num_Ciob_streams
 .rodata.__assertion_failed.str1.1
                0x00003b50       0x15 c:/appz/nxp/mcuxpressoide_11.6.0_8187/ide/plugins/com.nxp.mcuxpresso.tools.win32_11.6.0.202112161359/tools/bin/../lib/gcc/arm-none-eabi/10.3.1/../../../../arm-none-eabi/lib/thumb/v8-m.main+fp/hard\libcr_nohost_nf.a(_cr_assert.o)
 .rodata._Csys_alloc.str1.1
                0x00003b65       0x18 c:/appz/nxp/mcuxpressoide_11.6.0_8187/ide/plugins/com.nxp.mcuxpresso.tools.win32_11.6.0.202112161359/tools/bin/../lib/gcc/arm-none-eabi/10.3.1/../../../../arm-none-eabi/lib/thumb/v8-m.main+fp/hard\libcr_c.a(alloc.o)
 .rodata._initio.str1.1
                0x00003b7d        0x4 c:/appz/nxp/mcuxpressoide_11.6.0_8187/ide/plugins/com.nxp.mcuxpresso.tools.win32_11.6.0.202112161359/tools/bin/../lib/gcc/arm-none-eabi/10.3.1/../../../../arm-none-eabi/lib/thumb/v8-m.main+fp/hard\libcr_c.a(initio.o)
                0x00003b84                . = ALIGN (0x4)
 *fill*         0x00003b81        0x3 ff
                0x00003b84                _etext = .

.glue_7         0x00003b84        0x0
 .glue_7        0x00003b84        0x0 linker stubs

.glue_7t        0x00003b84        0x0
 .glue_7t       0x00003b84        0x0 linker stubs

.vfp11_veneer   0x00003b84        0x0
 .vfp11_veneer  0x00003b84        0x0 linker stubs

.v4_bx          0x00003b84        0x0
 .v4_bx         0x00003b84        0x0 linker stubs

.iplt           0x00003b84        0x0
 .iplt          0x00003b84        0x0 ./utilities/fsl_debug_console.o

.rel.dyn        0x00003b84        0x0
 .rel.iplt      0x00003b84        0x0 ./utilities/fsl_debug_console.o

.m_usb_data
 *(SORT_BY_ALIGNMENT(m_usb_global))

.data_RAM2      0x04000000        0x0 load address 0x00003b84
 FILL mask 0xff
                [!provide]                PROVIDE (__start_data_RAM2 = .)
                [!provide]                PROVIDE (__start_data_SRAMX = .)
 *(SORT_BY_ALIGNMENT(.ramfunc.$RAM2))
 *(SORT_BY_ALIGNMENT(.ramfunc.$SRAMX))
 *(SORT_BY_ALIGNMENT(.data.$RAM2))
 *(SORT_BY_ALIGNMENT(.data.$SRAMX))
 *(SORT_BY_ALIGNMENT(.data.$RAM2.*))
 *(SORT_BY_ALIGNMENT(.data.$SRAMX.*))
                0x04000000                . = ALIGN (0x4)
                [!provide]                PROVIDE (__end_data_RAM2 = .)
                [!provide]                PROVIDE (__end_data_SRAMX = .)

.data_RAM3      0x40100000        0x0 load address 0x00003b84
 FILL mask 0xff
                [!provide]                PROVIDE (__start_data_RAM3 = .)
                [!provide]                PROVIDE (__start_data_USB_RAM = .)
 *(SORT_BY_ALIGNMENT(.ramfunc.$RAM3))
 *(SORT_BY_ALIGNMENT(.ramfunc.$USB_RAM))
 *(SORT_BY_ALIGNMENT(.data.$RAM3))
 *(SORT_BY_ALIGNMENT(.data.$USB_RAM))
 *(SORT_BY_ALIGNMENT(.data.$RAM3.*))
 *(SORT_BY_ALIGNMENT(.data.$USB_RAM.*))
                0x40100000                . = ALIGN (0x4)
                [!provide]                PROVIDE (__end_data_RAM3 = .)
                [!provide]                PROVIDE (__end_data_USB_RAM = .)

.uninit_RESERVED
                0x20000000        0x0
                0x20000000                _start_uninit_RESERVED = .
 *(SORT_BY_ALIGNMENT(.bss.$RESERVED*))
                0x20000000                . = ALIGN (0x4)
                0x20000000                _end_uninit_RESERVED = .

.data           0x20000000        0x4 load address 0x00003b84
 FILL mask 0xff
                0x20000000                _data = .
                [!provide]                PROVIDE (__start_data_RAM = .)
                [!provide]                PROVIDE (__start_data_SRAM = .)
 *(SORT_BY_ALIGNMENT(vtable))
 *(SORT_BY_ALIGNMENT(.ramfunc*))
 *(SORT_BY_ALIGNMENT(CodeQuickAccess))
 *(SORT_BY_ALIGNMENT(DataQuickAccess))
 *(SORT_BY_ALIGNMENT(RamFunction))
 *(SORT_BY_ALIGNMENT(.data*))
 .data.SystemCoreClock
                0x20000000        0x4 ./device/system_LPC55S69_cm33_core0.o
                0x20000000                SystemCoreClock
                0x20000004                . = ALIGN (0x4)
                0x20000004                _edata = .
                [!provide]                PROVIDE (__end_data_RAM = .)
                [!provide]                PROVIDE (__end_data_SRAM = .)

.igot.plt       0x20000004        0x0 load address 0x00003b88
 .igot.plt      0x20000004        0x0 ./utilities/fsl_debug_console.o

.bss_RAM2       0x04000000        0x0
                [!provide]                PROVIDE (__start_bss_RAM2 = .)
                [!provide]                PROVIDE (__start_bss_SRAMX = .)
 *(SORT_BY_ALIGNMENT(.bss.$RAM2))
 *(SORT_BY_ALIGNMENT(.bss.$SRAMX))
 *(SORT_BY_ALIGNMENT(.bss.$RAM2.*))
 *(SORT_BY_ALIGNMENT(.bss.$SRAMX.*))
                0x04000000                . = ALIGN ((. != 0x0)?0x4:0x1)
                [!provide]                PROVIDE (__end_bss_RAM2 = .)
                [!provide]                PROVIDE (__end_bss_SRAMX = .)

.bss_RAM3       0x40100000        0x0
                [!provide]                PROVIDE (__start_bss_RAM3 = .)
                [!provide]                PROVIDE (__start_bss_USB_RAM = .)
 *(SORT_BY_ALIGNMENT(.bss.$RAM3))
 *(SORT_BY_ALIGNMENT(.bss.$USB_RAM))
 *(SORT_BY_ALIGNMENT(.bss.$RAM3.*))
 *(SORT_BY_ALIGNMENT(.bss.$USB_RAM.*))
                0x40100000                . = ALIGN ((. != 0x0)?0x4:0x1)
                [!provide]                PROVIDE (__end_bss_RAM3 = .)
                [!provide]                PROVIDE (__end_bss_USB_RAM = .)

.bss            0x20000004      0x12c
                0x20000004                _bss = .
                [!provide]                PROVIDE (__start_bss_RAM = .)
                [!provide]                PROVIDE (__start_bss_SRAM = .)
 *(SORT_BY_ALIGNMENT(.bss*))
 .bss.s_debugConsoleState
                0x20000004       0x1c ./utilities/fsl_debug_console.o
 .bss.g_serialHandle
                0x20000020        0x4 ./utilities/fsl_debug_console.o
                0x20000020                g_serialHandle
 .bss.i.1       0x20000024        0x4 ./source/LPC55S69_Project.o
 .bss.s_flexcommIrqHandler
                0x20000028       0x24 ./drivers/fsl_flexcomm.o
 .bss.s_flexcommHandle
                0x2000004c       0x24 ./drivers/fsl_flexcomm.o
 .bss.__Ciob    0x20000070       0xb4 c:/appz/nxp/mcuxpressoide_11.6.0_8187/ide/plugins/com.nxp.mcuxpresso.tools.win32_11.6.0.202112161359/tools/bin/../lib/gcc/arm-none-eabi/10.3.1/../../../../arm-none-eabi/lib/thumb/v8-m.main+fp/hard\libcr_nohost_nf.a(__ciob.o)
                0x20000070                __Ciob
 .bss.__end_of_heap
                0x20000124        0x4 c:/appz/nxp/mcuxpressoide_11.6.0_8187/ide/plugins/com.nxp.mcuxpresso.tools.win32_11.6.0.202112161359/tools/bin/../lib/gcc/arm-none-eabi/10.3.1/../../../../arm-none-eabi/lib/thumb/v8-m.main+fp/hard\libcr_c.a(__init_alloc.o)
                0x20000124                __end_of_heap
 .bss.__heaps   0x20000128        0x4 c:/appz/nxp/mcuxpressoide_11.6.0_8187/ide/plugins/com.nxp.mcuxpresso.tools.win32_11.6.0.202112161359/tools/bin/../lib/gcc/arm-none-eabi/10.3.1/../../../../arm-none-eabi/lib/thumb/v8-m.main+fp/hard\libcr_c.a(__init_alloc.o)
                0x20000128                __heaps
 .bss.errno     0x2000012c        0x4 c:/appz/nxp/mcuxpressoide_11.6.0_8187/ide/plugins/com.nxp.mcuxpresso.tools.win32_11.6.0.202112161359/tools/bin/../lib/gcc/arm-none-eabi/10.3.1/../../../../arm-none-eabi/lib/thumb/v8-m.main+fp/hard\libcr_c.a(errno.o)
                0x2000012c                errno
 *(SORT_BY_ALIGNMENT(COMMON))
                0x20000130                . = ALIGN (0x4)
                0x20000130                _ebss = .
                [!provide]                PROVIDE (__end_bss_RAM = .)
                [!provide]                PROVIDE (__end_bss_SRAM = .)
                [!provide]                PROVIDE (end = .)

.noinit_RAM2    0x04000000        0x0
                [!provide]                PROVIDE (__start_noinit_RAM2 = .)
                [!provide]                PROVIDE (__start_noinit_SRAMX = .)
 *(SORT_BY_ALIGNMENT(.noinit.$RAM2))
 *(SORT_BY_ALIGNMENT(.noinit.$SRAMX))
 *(SORT_BY_ALIGNMENT(.noinit.$RAM2.*))
 *(SORT_BY_ALIGNMENT(.noinit.$SRAMX.*))
                0x04000000                . = ALIGN (0x4)
                [!provide]                PROVIDE (__end_noinit_RAM2 = .)
                [!provide]                PROVIDE (__end_noinit_SRAMX = .)

.noinit_RAM3    0x40100000        0x0
                [!provide]                PROVIDE (__start_noinit_RAM3 = .)
                [!provide]                PROVIDE (__start_noinit_USB_RAM = .)
 *(SORT_BY_ALIGNMENT(.noinit.$RAM3))
 *(SORT_BY_ALIGNMENT(.noinit.$USB_RAM))
 *(SORT_BY_ALIGNMENT(.noinit.$RAM3.*))
 *(SORT_BY_ALIGNMENT(.noinit.$USB_RAM.*))
                0x40100000                . = ALIGN (0x4)
                [!provide]                PROVIDE (__end_noinit_RAM3 = .)
                [!provide]                PROVIDE (__end_noinit_USB_RAM = .)

.noinit         0x20000130        0x0
                0x20000130                _noinit = .
                [!provide]                PROVIDE (__start_noinit_RAM = .)
                [!provide]                PROVIDE (__start_noinit_SRAM = .)
 *(SORT_BY_ALIGNMENT(.noinit*))
                0x20000130                . = ALIGN (0x4)
                0x20000130                _end_noinit = .
                [!provide]                PROVIDE (__end_noinit_RAM = .)
                [!provide]                PROVIDE (__end_noinit_SRAM = .)

.ARM.extab
 *(SORT_BY_ALIGNMENT(.ARM.extab*) SORT_BY_ALIGNMENT(.gnu.linkonce.armextab.*))

.ARM.exidx      0x00003b88        0x0
                0x00003b88                __exidx_start = .
 *(SORT_BY_ALIGNMENT(.ARM.exidx*) SORT_BY_ALIGNMENT(.gnu.linkonce.armexidx.*))
                0x00003b88                __exidx_end = .
                0x00001000                _HeapSize = 0x1000

.heap           0x20000130     0x1000
                0x20000130                _pvHeapStart = .
                0x20001130                . = (. + _HeapSize)
 *fill*         0x20000130     0x1000 
                0x20001130                . = ALIGN (0x4)
                0x20001130                _pvHeapLimit = .
                0x00001000                _StackSize = 0x1000

.heap2stackfill
                0x20001130     0x1000
                0x20002130                . = (. + _StackSize)
 *fill*         0x20001130     0x1000 

.stack          0x20043000        0x0
                0x20043000                _vStackBase = .
                0x20043000                . = ALIGN (0x4)
                0x20044000                _vStackTop = (. + _StackSize)
                0xdffb8cf2                PROVIDE (__valid_user_code_checksum = (0x0 - ((((((_vStackTop + (ResetISR + 0x1)) + (NMI_Handler + 0x1)) + (HardFault_Handler + 0x1)) + (DEFINED (MemManage_Handler)?MemManage_Handler:0x0 + 0x1)) + (DEFINED (BusFault_Handler)?BusFault_Handler:0x0 + 0x1)) + (DEFINED (UsageFault_Handler)?UsageFault_Handler:0x0 + 0x1))))
                0x00000000                _image_start = LOADADDR (.text)
                0x00003b88                _image_end = (LOADADDR (.data) + SIZEOF (.data))
                0x00003b88                _image_size = (_image_end - _image_start)
OUTPUT(LPC55S69_Project.axf elf32-littlearm)
LOAD linker stubs

.debug_info     0x00000000    0x126a8
 .debug_info    0x00000000      0xa79 ./utilities/fsl_debug_console.o
 .debug_info    0x00000a79      0x4eb ./utilities/fsl_str.o
 .debug_info    0x00000f64      0x6f4 ./startup/startup_lpc55s69_cm33_core0.o
 .debug_info    0x00001658      0x621 ./source/LPC55S69_Project.o
 .debug_info    0x00001c79       0x3c ./source/semihost_hardfault.o
 .debug_info    0x00001cb5     0x392c ./drivers/fsl_clock.o
 .debug_info    0x000055e1     0x1bab ./drivers/fsl_flexcomm.o
 .debug_info    0x0000718c     0x1069 ./drivers/fsl_reset.o
 .debug_info    0x000081f5     0x15e0 ./drivers/fsl_usart.o
 .debug_info    0x000097d5     0x1692 ./device/system_LPC55S69_cm33_core0.o
 .debug_info    0x0000ae67      0xb62 ./component/uart/usart_adapter.o
 .debug_info    0x0000b9c9      0x6ed ./component/serial_manager/serial_manager.o
 .debug_info    0x0000c0b6      0x484 ./component/serial_manager/serial_port_uart.o
 .debug_info    0x0000c53a      0x81f ./board/boards/board.o
 .debug_info    0x0000cd59     0x1802 ./board/boards/clock_config.o
 .debug_info    0x0000e55b       0x3c ./board/boards/peripherals.o
 .debug_info    0x0000e597     0x1124 ./board/boards/pin_mux.o
 .debug_info    0x0000f6bb     0x2fed C:\Users\TEMP\Documents\MCUXpressoIDE_11.6.0_8187\workspace\LPC55S69_Project\libs\libpower_hardabi.a(fsl_power_lib.o)

.debug_abbrev   0x00000000     0x1fe4
 .debug_abbrev  0x00000000      0x1ee ./utilities/fsl_debug_console.o
 .debug_abbrev  0x000001ee      0x17a ./utilities/fsl_str.o
 .debug_abbrev  0x00000368      0x165 ./startup/startup_lpc55s69_cm33_core0.o
 .debug_abbrev  0x000004cd      0x12e ./source/LPC55S69_Project.o
 .debug_abbrev  0x000005fb       0x31 ./source/semihost_hardfault.o
 .debug_abbrev  0x0000062c      0x374 ./drivers/fsl_clock.o
 .debug_abbrev  0x000009a0      0x2a9 ./drivers/fsl_flexcomm.o
 .debug_abbrev  0x00000c49      0x15a ./drivers/fsl_reset.o
 .debug_abbrev  0x00000da3      0x347 ./drivers/fsl_usart.o
 .debug_abbrev  0x000010ea      0x1e7 ./device/system_LPC55S69_cm33_core0.o
 .debug_abbrev  0x000012d1      0x1cf ./component/uart/usart_adapter.o
 .debug_abbrev  0x000014a0      0x144 ./component/serial_manager/serial_manager.o
 .debug_abbrev  0x000015e4      0x127 ./component/serial_manager/serial_port_uart.o
 .debug_abbrev  0x0000170b       0xd1 ./board/boards/board.o
 .debug_abbrev  0x000017dc      0x1bd ./board/boards/clock_config.o
 .debug_abbrev  0x00001999       0x31 ./board/boards/peripherals.o
 .debug_abbrev  0x000019ca      0x1d9 ./board/boards/pin_mux.o
 .debug_abbrev  0x00001ba3      0x441 C:\Users\TEMP\Documents\MCUXpressoIDE_11.6.0_8187\workspace\LPC55S69_Project\libs\libpower_hardabi.a(fsl_power_lib.o)

.debug_aranges  0x00000000      0x9e0
 .debug_aranges
                0x00000000       0x80 ./utilities/fsl_debug_console.o
 .debug_aranges
                0x00000080       0x38 ./utilities/fsl_str.o
 .debug_aranges
                0x000000b8      0x260 ./startup/startup_lpc55s69_cm33_core0.o
 .debug_aranges
                0x00000318       0x28 ./source/LPC55S69_Project.o
 .debug_aranges
                0x00000340       0x20 ./source/semihost_hardfault.o
 .debug_aranges
                0x00000360      0x218 ./drivers/fsl_clock.o
 .debug_aranges
                0x00000578       0x90 ./drivers/fsl_flexcomm.o
 .debug_aranges
                0x00000608       0x30 ./drivers/fsl_reset.o
 .debug_aranges
                0x00000638       0xe0 ./drivers/fsl_usart.o
 .debug_aranges
                0x00000718       0x88 ./device/system_LPC55S69_cm33_core0.o
 .debug_aranges
                0x000007a0       0x40 ./component/uart/usart_adapter.o
 .debug_aranges
                0x000007e0       0x88 ./component/serial_manager/serial_manager.o
 .debug_aranges
                0x00000868       0x38 ./component/serial_manager/serial_port_uart.o
 .debug_aranges
                0x000008a0       0x28 ./board/boards/board.o
 .debug_aranges
                0x000008c8       0x40 ./board/boards/clock_config.o
 .debug_aranges
                0x00000908       0x20 ./board/boards/peripherals.o
 .debug_aranges
                0x00000928       0x38 ./board/boards/pin_mux.o
 .debug_aranges
                0x00000960       0x80 C:\Users\TEMP\Documents\MCUXpressoIDE_11.6.0_8187\workspace\LPC55S69_Project\libs\libpower_hardabi.a(fsl_power_lib.o)

.debug_ranges   0x00000000      0x960
 .debug_ranges  0x00000000       0x70 ./utilities/fsl_debug_console.o
 .debug_ranges  0x00000070       0x28 ./utilities/fsl_str.o
 .debug_ranges  0x00000098      0x250 ./startup/startup_lpc55s69_cm33_core0.o
 .debug_ranges  0x000002e8       0x18 ./source/LPC55S69_Project.o
 .debug_ranges  0x00000300       0x10 ./source/semihost_hardfault.o
 .debug_ranges  0x00000310      0x208 ./drivers/fsl_clock.o
 .debug_ranges  0x00000518       0x80 ./drivers/fsl_flexcomm.o
 .debug_ranges  0x00000598       0x20 ./drivers/fsl_reset.o
 .debug_ranges  0x000005b8       0xd0 ./drivers/fsl_usart.o
 .debug_ranges  0x00000688       0x78 ./device/system_LPC55S69_cm33_core0.o
 .debug_ranges  0x00000700       0x30 ./component/uart/usart_adapter.o
 .debug_ranges  0x00000730       0x78 ./component/serial_manager/serial_manager.o
 .debug_ranges  0x000007a8       0x28 ./component/serial_manager/serial_port_uart.o
 .debug_ranges  0x000007d0       0x18 ./board/boards/board.o
 .debug_ranges  0x000007e8       0x30 ./board/boards/clock_config.o
 .debug_ranges  0x00000818       0x10 ./board/boards/peripherals.o
 .debug_ranges  0x00000828       0x28 ./board/boards/pin_mux.o
 .debug_ranges  0x00000850      0x110 C:\Users\TEMP\Documents\MCUXpressoIDE_11.6.0_8187\workspace\LPC55S69_Project\libs\libpower_hardabi.a(fsl_power_lib.o)

.debug_macro    0x00000000    0x179ec
 .debug_macro   0x00000000      0x196 ./utilities/fsl_debug_console.o
 .debug_macro   0x00000196      0xaba ./utilities/fsl_debug_console.o
 .debug_macro   0x00000c50       0x10 ./utilities/fsl_debug_console.o
 .debug_macro   0x00000c60       0x16 ./utilities/fsl_debug_console.o
 .debug_macro   0x00000c76       0x10 ./utilities/fsl_debug_console.o
 .debug_macro   0x00000c86      0x12e ./utilities/fsl_debug_console.o
 .debug_macro   0x00000db4       0x28 ./utilities/fsl_debug_console.o
 .debug_macro   0x00000ddc       0x56 ./utilities/fsl_debug_console.o
 .debug_macro   0x00000e32       0x16 ./utilities/fsl_debug_console.o
 .debug_macro   0x00000e48       0x22 ./utilities/fsl_debug_console.o
 .debug_macro   0x00000e6a      0x5b3 ./utilities/fsl_debug_console.o
 .debug_macro   0x0000141d       0x10 ./utilities/fsl_debug_console.o
 .debug_macro   0x0000142d       0x46 ./utilities/fsl_debug_console.o
 .debug_macro   0x00001473       0x1c ./utilities/fsl_debug_console.o
 .debug_macro   0x0000148f       0x29 ./utilities/fsl_debug_console.o
 .debug_macro   0x000014b8       0xd9 ./utilities/fsl_debug_console.o
 .debug_macro   0x00001591     0x1401 ./utilities/fsl_debug_console.o
 .debug_macro   0x00002992       0x5e ./utilities/fsl_debug_console.o
 .debug_macro   0x000029f0       0x2e ./utilities/fsl_debug_console.o
 .debug_macro   0x00002a1e    0x12870 ./utilities/fsl_debug_console.o
 .debug_macro   0x0001528e      0x2a5 ./utilities/fsl_debug_console.o
 .debug_macro   0x00015533       0xc9 ./utilities/fsl_debug_console.o
 .debug_macro   0x000155fc      0x2f4 ./utilities/fsl_debug_console.o
 .debug_macro   0x000158f0       0xd2 ./utilities/fsl_debug_console.o
 .debug_macro   0x000159c2       0x34 ./utilities/fsl_debug_console.o
 .debug_macro   0x000159f6       0x10 ./utilities/fsl_debug_console.o
 .debug_macro   0x00015a06       0x32 ./utilities/fsl_debug_console.o
 .debug_macro   0x00015a38       0x34 ./utilities/fsl_debug_console.o
 .debug_macro   0x00015a6c      0x13d ./utilities/fsl_str.o
 .debug_macro   0x00015ba9       0xc4 ./utilities/fsl_str.o
 .debug_macro   0x00015c6d       0x1c ./utilities/fsl_str.o
 .debug_macro   0x00015c89       0x29 ./startup/startup_lpc55s69_cm33_core0.o
 .debug_macro   0x00015cb2      0x1a0 ./source/LPC55S69_Project.o
 .debug_macro   0x00015e52       0xd8 ./source/LPC55S69_Project.o
 .debug_macro   0x00015f2a       0x22 ./source/LPC55S69_Project.o
 .debug_macro   0x00015f4c       0x22 ./source/LPC55S69_Project.o
 .debug_macro   0x00015f6e       0x10 ./source/LPC55S69_Project.o
 .debug_macro   0x00015f7e       0xf6 ./source/LPC55S69_Project.o
 .debug_macro   0x00016074      0x255 ./source/LPC55S69_Project.o
 .debug_macro   0x000162c9       0x2e ./source/LPC55S69_Project.o
 .debug_macro   0x000162f7       0x2e ./source/LPC55S69_Project.o
 .debug_macro   0x00016325       0x11 ./source/semihost_hardfault.o
 .debug_macro   0x00016336      0x1bd ./drivers/fsl_clock.o
 .debug_macro   0x000164f3       0x1c ./drivers/fsl_clock.o
 .debug_macro   0x0001650f      0x41f ./drivers/fsl_clock.o
 .debug_macro   0x0001692e      0x127 ./drivers/fsl_flexcomm.o
 .debug_macro   0x00016a55       0x10 ./drivers/fsl_flexcomm.o
 .debug_macro   0x00016a65      0x11e ./drivers/fsl_reset.o
 .debug_macro   0x00016b83      0x136 ./drivers/fsl_usart.o
 .debug_macro   0x00016cb9       0x16 ./drivers/fsl_usart.o
 .debug_macro   0x00016ccf       0xc1 ./device/system_LPC55S69_cm33_core0.o
 .debug_macro   0x00016d90      0x133 ./component/uart/usart_adapter.o
 .debug_macro   0x00016ec3       0x1c ./component/uart/usart_adapter.o
 .debug_macro   0x00016edf       0x22 ./component/uart/usart_adapter.o
 .debug_macro   0x00016f01      0x151 ./component/serial_manager/serial_manager.o
 .debug_macro   0x00017052      0x142 ./component/serial_manager/serial_port_uart.o
 .debug_macro   0x00017194       0x22 ./component/serial_manager/serial_port_uart.o
 .debug_macro   0x000171b6      0x172 ./board/boards/board.o
 .debug_macro   0x00017328       0x28 ./board/boards/board.o
 .debug_macro   0x00017350      0x13e ./board/boards/clock_config.o
 .debug_macro   0x0001748e      0x419 ./board/boards/clock_config.o
 .debug_macro   0x000178a7       0x1b ./board/boards/peripherals.o
 .debug_macro   0x000178c2      0x12a ./board/boards/pin_mux.o

.debug_line     0x00000000     0x79f8
 .debug_line    0x00000000      0x793 ./utilities/fsl_debug_console.o
 .debug_line    0x00000793      0xa6c ./utilities/fsl_str.o
 .debug_line    0x000011ff      0x6ad ./startup/startup_lpc55s69_cm33_core0.o
 .debug_line    0x000018ac      0x5fb ./source/LPC55S69_Project.o
 .debug_line    0x00001ea7       0x59 ./source/semihost_hardfault.o
 .debug_line    0x00001f00     0x17b1 ./drivers/fsl_clock.o
 .debug_line    0x000036b1      0x614 ./drivers/fsl_flexcomm.o
 .debug_line    0x00003cc5      0x3ea ./drivers/fsl_reset.o
 .debug_line    0x000040af      0xd90 ./drivers/fsl_usart.o
 .debug_line    0x00004e3f      0x6e3 ./device/system_LPC55S69_cm33_core0.o
 .debug_line    0x00005522      0x513 ./component/uart/usart_adapter.o
 .debug_line    0x00005a35      0x6dd ./component/serial_manager/serial_manager.o
 .debug_line    0x00006112      0x560 ./component/serial_manager/serial_port_uart.o
 .debug_line    0x00006672      0x509 ./board/boards/board.o
 .debug_line    0x00006b7b      0x473 ./board/boards/clock_config.o
 .debug_line    0x00006fee       0x61 ./board/boards/peripherals.o
 .debug_line    0x0000704f      0x43a ./board/boards/pin_mux.o
 .debug_line    0x00007489      0x56f C:\Users\TEMP\Documents\MCUXpressoIDE_11.6.0_8187\workspace\LPC55S69_Project\libs\libpower_hardabi.a(fsl_power_lib.o)

.debug_str      0x00000000    0xcd4c3
 .debug_str     0x00000000    0xc2c2a ./utilities/fsl_debug_console.o
                              0xc2d76 (size before relaxing)
 .debug_str     0x000c2c2a      0x6ce ./utilities/fsl_str.o
                              0xc1f05 (size before relaxing)
 .debug_str     0x000c32f8      0x677 ./startup/startup_lpc55s69_cm33_core0.o
                               0x34c0 (size before relaxing)
 .debug_str     0x000c396f     0x1eea ./source/LPC55S69_Project.o
                              0xc3810 (size before relaxing)
 .debug_str     0x000c5859       0x1f ./source/semihost_hardfault.o
                               0x2e15 (size before relaxing)
 .debug_str     0x000c5878     0x4aec ./drivers/fsl_clock.o
                              0xc6e75 (size before relaxing)
 .debug_str     0x000ca364      0xce1 ./drivers/fsl_flexcomm.o
                              0xc3b81 (size before relaxing)
 .debug_str     0x000cb045       0xae ./drivers/fsl_reset.o
                              0xc24ee (size before relaxing)
 .debug_str     0x000cb0f3      0xc01 ./drivers/fsl_usart.o
                              0xc322a (size before relaxing)
 .debug_str     0x000cbcf4      0x23a ./device/system_LPC55S69_cm33_core0.o
                              0xc03d3 (size before relaxing)
 .debug_str     0x000cbf2e      0x33f ./component/uart/usart_adapter.o
                              0xc2970 (size before relaxing)
 .debug_str     0x000cc26d      0x388 ./component/serial_manager/serial_manager.o
                              0xc1dd8 (size before relaxing)
 .debug_str     0x000cc5f5       0xfc ./component/serial_manager/serial_port_uart.o
                              0xc1e86 (size before relaxing)
 .debug_str     0x000cc6f1       0x5b ./board/boards/board.o
                              0xc4563 (size before relaxing)
 .debug_str     0x000cc74c       0x83 ./board/boards/clock_config.o
                              0xc4ab8 (size before relaxing)
 .debug_str     0x000cc7cf       0x38 ./board/boards/peripherals.o
                               0x2e2d (size before relaxing)
 .debug_str     0x000cc807       0x86 ./board/boards/pin_mux.o
                              0xc2a72 (size before relaxing)
 .debug_str     0x000cc88d      0xc36 C:\Users\TEMP\Documents\MCUXpressoIDE_11.6.0_8187\workspace\LPC55S69_Project\libs\libpower_hardabi.a(fsl_power_lib.o)
                               0x392f (size before relaxing)

.comment        0x00000000       0xc8
 .comment       0x00000000       0x49 ./utilities/fsl_debug_console.o
                                 0x4a (size before relaxing)
 .comment       0x00000049       0x4a ./utilities/fsl_str.o
 .comment       0x00000049       0x4a ./startup/startup_lpc55s69_cm33_core0.o
 .comment       0x00000049       0x4a ./source/LPC55S69_Project.o
 .comment       0x00000049       0x4a ./source/semihost_hardfault.o
 .comment       0x00000049       0x4a ./drivers/fsl_clock.o
 .comment       0x00000049       0x4a ./drivers/fsl_flexcomm.o
 .comment       0x00000049       0x4a ./drivers/fsl_reset.o
 .comment       0x00000049       0x4a ./drivers/fsl_usart.o
 .comment       0x00000049       0x4a ./device/system_LPC55S69_cm33_core0.o
 .comment       0x00000049       0x4a ./component/uart/usart_adapter.o
 .comment       0x00000049       0x4a ./component/serial_manager/serial_manager.o
 .comment       0x00000049       0x4a ./component/serial_manager/serial_port_uart.o
 .comment       0x00000049       0x4a ./board/boards/board.o
 .comment       0x00000049       0x4a ./board/boards/clock_config.o
 .comment       0x00000049       0x4a ./board/boards/peripherals.o
 .comment       0x00000049       0x4a ./board/boards/pin_mux.o
 .comment       0x00000049       0x7f C:\Users\TEMP\Documents\MCUXpressoIDE_11.6.0_8187\workspace\LPC55S69_Project\libs\libpower_hardabi.a(fsl_power_lib.o)
                                 0x80 (size before relaxing)
 .comment       0x000000c8       0x4a c:/appz/nxp/mcuxpressoide_11.6.0_8187/ide/plugins/com.nxp.mcuxpresso.tools.win32_11.6.0.202112161359/tools/bin/../lib/gcc/arm-none-eabi/10.3.1/../../../../arm-none-eabi/lib/thumb/v8-m.main+fp/hard\libcr_nohost_nf.a(_cr__main.o)
 .comment       0x000000c8       0x4a c:/appz/nxp/mcuxpressoide_11.6.0_8187/ide/plugins/com.nxp.mcuxpresso.tools.win32_11.6.0.202112161359/tools/bin/../lib/gcc/arm-none-eabi/10.3.1/../../../../arm-none-eabi/lib/thumb/v8-m.main+fp/hard\libcr_nohost_nf.a(_cr_assert.o)
 .comment       0x000000c8       0x4a c:/appz/nxp/mcuxpressoide_11.6.0_8187/ide/plugins/com.nxp.mcuxpresso.tools.win32_11.6.0.202112161359/tools/bin/../lib/gcc/arm-none-eabi/10.3.1/../../../../arm-none-eabi/lib/thumb/v8-m.main+fp/hard\libcr_nohost_nf.a(__ciob.o)
 .comment       0x000000c8       0x4a c:/appz/nxp/mcuxpressoide_11.6.0_8187/ide/plugins/com.nxp.mcuxpresso.tools.win32_11.6.0.202112161359/tools/bin/../lib/gcc/arm-none-eabi/10.3.1/../../../../arm-none-eabi/lib/thumb/v8-m.main+fp/hard\libcr_nohost_nf.a(__sys_appexit.o)
 .comment       0x000000c8       0x4a c:/appz/nxp/mcuxpressoide_11.6.0_8187/ide/plugins/com.nxp.mcuxpresso.tools.win32_11.6.0.202112161359/tools/bin/../lib/gcc/arm-none-eabi/10.3.1/../../../../arm-none-eabi/lib/thumb/v8-m.main+fp/hard\libcr_c.a(memset.o)
 .comment       0x000000c8       0x4a c:/appz/nxp/mcuxpressoide_11.6.0_8187/ide/plugins/com.nxp.mcuxpresso.tools.win32_11.6.0.202112161359/tools/bin/../lib/gcc/arm-none-eabi/10.3.1/../../../../arm-none-eabi/lib/thumb/v8-m.main+fp/hard\libcr_c.a(_deferredlazyseek.o)
 .comment       0x000000c8       0x4a c:/appz/nxp/mcuxpressoide_11.6.0_8187/ide/plugins/com.nxp.mcuxpresso.tools.win32_11.6.0.202112161359/tools/bin/../lib/gcc/arm-none-eabi/10.3.1/../../../../arm-none-eabi/lib/thumb/v8-m.main+fp/hard\libcr_c.a(_fflush.o)
 .comment       0x000000c8       0x4a c:/appz/nxp/mcuxpressoide_11.6.0_8187/ide/plugins/com.nxp.mcuxpresso.tools.win32_11.6.0.202112161359/tools/bin/../lib/gcc/arm-none-eabi/10.3.1/../../../../arm-none-eabi/lib/thumb/v8-m.main+fp/hard\libcr_c.a(_writebuf.o)
 .comment       0x000000c8       0x4a c:/appz/nxp/mcuxpressoide_11.6.0_8187/ide/plugins/com.nxp.mcuxpresso.tools.win32_11.6.0.202112161359/tools/bin/../lib/gcc/arm-none-eabi/10.3.1/../../../../arm-none-eabi/lib/thumb/v8-m.main+fp/hard\libcr_c.a(alloc.o)
 .comment       0x000000c8       0x4a c:/appz/nxp/mcuxpressoide_11.6.0_8187/ide/plugins/com.nxp.mcuxpresso.tools.win32_11.6.0.202112161359/tools/bin/../lib/gcc/arm-none-eabi/10.3.1/../../../../arm-none-eabi/lib/thumb/v8-m.main+fp/hard\libcr_c.a(fputs.o)
 .comment       0x000000c8       0x4a c:/appz/nxp/mcuxpressoide_11.6.0_8187/ide/plugins/com.nxp.mcuxpresso.tools.win32_11.6.0.202112161359/tools/bin/../lib/gcc/arm-none-eabi/10.3.1/../../../../arm-none-eabi/lib/thumb/v8-m.main+fp/hard\libcr_c.a(fseek.o)
 .comment       0x000000c8       0x4a c:/appz/nxp/mcuxpressoide_11.6.0_8187/ide/plugins/com.nxp.mcuxpresso.tools.win32_11.6.0.202112161359/tools/bin/../lib/gcc/arm-none-eabi/10.3.1/../../../../arm-none-eabi/lib/thumb/v8-m.main+fp/hard\libcr_c.a(ftell.o)
 .comment       0x000000c8       0x4a c:/appz/nxp/mcuxpressoide_11.6.0_8187/ide/plugins/com.nxp.mcuxpresso.tools.win32_11.6.0.202112161359/tools/bin/../lib/gcc/arm-none-eabi/10.3.1/../../../../arm-none-eabi/lib/thumb/v8-m.main+fp/hard\libcr_c.a(initio.o)
 .comment       0x000000c8       0x4a c:/appz/nxp/mcuxpressoide_11.6.0_8187/ide/plugins/com.nxp.mcuxpresso.tools.win32_11.6.0.202112161359/tools/bin/../lib/gcc/arm-none-eabi/10.3.1/../../../../arm-none-eabi/lib/thumb/v8-m.main+fp/hard\libcr_c.a(setvbuf.o)
 .comment       0x000000c8       0x4a c:/appz/nxp/mcuxpressoide_11.6.0_8187/ide/plugins/com.nxp.mcuxpresso.tools.win32_11.6.0.202112161359/tools/bin/../lib/gcc/arm-none-eabi/10.3.1/../../../../arm-none-eabi/lib/thumb/v8-m.main+fp/hard\libcr_c.a(strlen.o)
 .comment       0x000000c8       0x4a c:/appz/nxp/mcuxpressoide_11.6.0_8187/ide/plugins/com.nxp.mcuxpresso.tools.win32_11.6.0.202112161359/tools/bin/../lib/gcc/arm-none-eabi/10.3.1/../../../../arm-none-eabi/lib/thumb/v8-m.main+fp/hard\libcr_c.a(__init_alloc.o)
 .comment       0x000000c8       0x4a c:/appz/nxp/mcuxpressoide_11.6.0_8187/ide/plugins/com.nxp.mcuxpresso.tools.win32_11.6.0.202112161359/tools/bin/../lib/gcc/arm-none-eabi/10.3.1/../../../../arm-none-eabi/lib/thumb/v8-m.main+fp/hard\libcr_c.a(_cr_sbrk.o)
 .comment       0x000000c8       0x4a c:/appz/nxp/mcuxpressoide_11.6.0_8187/ide/plugins/com.nxp.mcuxpresso.tools.win32_11.6.0.202112161359/tools/bin/../lib/gcc/arm-none-eabi/10.3.1/../../../../arm-none-eabi/lib/thumb/v8-m.main+fp/hard\libcr_c.a(_fdopen.o)
 .comment       0x000000c8       0x4a c:/appz/nxp/mcuxpressoide_11.6.0_8187/ide/plugins/com.nxp.mcuxpresso.tools.win32_11.6.0.202112161359/tools/bin/../lib/gcc/arm-none-eabi/10.3.1/../../../../arm-none-eabi/lib/thumb/v8-m.main+fp/hard\libcr_c.a(errno.o)
 .comment       0x000000c8       0x4a c:/appz/nxp/mcuxpressoide_11.6.0_8187/ide/plugins/com.nxp.mcuxpresso.tools.win32_11.6.0.202112161359/tools/bin/../lib/gcc/arm-none-eabi/10.3.1/../../../../arm-none-eabi/lib/thumb/v8-m.main+fp/hard\libcr_c.a(fclose.o)
 .comment       0x000000c8       0x4a c:/appz/nxp/mcuxpressoide_11.6.0_8187/ide/plugins/com.nxp.mcuxpresso.tools.win32_11.6.0.202112161359/tools/bin/../lib/gcc/arm-none-eabi/10.3.1/../../../../arm-none-eabi/lib/thumb/v8-m.main+fp/hard\libcr_c.a(fflush.o)
 .comment       0x000000c8       0x4a c:/appz/nxp/mcuxpressoide_11.6.0_8187/ide/plugins/com.nxp.mcuxpresso.tools.win32_11.6.0.202112161359/tools/bin/../lib/gcc/arm-none-eabi/10.3.1/../../../../arm-none-eabi/lib/thumb/v8-m.main+fp/hard\libcr_c.a(remove.o)
 .comment       0x000000c8       0x4a c:/appz/nxp/mcuxpressoide_11.6.0_8187/ide/plugins/com.nxp.mcuxpresso.tools.win32_11.6.0.202112161359/tools/bin/../lib/gcc/arm-none-eabi/10.3.1/../../../../arm-none-eabi/lib/thumb/v8-m.main+fp/hard\libcr_c.a(_cr_check_heap.o)
 .comment       0x000000c8       0x4a c:/appz/nxp/mcuxpressoide_11.6.0_8187/ide/plugins/com.nxp.mcuxpresso.tools.win32_11.6.0.202112161359/tools/bin/../lib/gcc/arm-none-eabi/10.3.1/../../../../arm-none-eabi/lib/thumb/v8-m.main+fp/hard\libcr_c.a(_do_fflush.o)
 .comment       0x000000c8       0x4a c:/appz/nxp/mcuxpressoide_11.6.0_8187/ide/plugins/com.nxp.mcuxpresso.tools.win32_11.6.0.202112161359/tools/bin/../lib/gcc/arm-none-eabi/10.3.1/thumb/v8-m.main+fp/hard\libcr_eabihelpers.a(double.o)
 .comment       0x000000c8       0x4a c:/appz/nxp/mcuxpressoide_11.6.0_8187/ide/plugins/com.nxp.mcuxpresso.tools.win32_11.6.0.202112161359/tools/bin/../lib/gcc/arm-none-eabi/10.3.1/thumb/v8-m.main+fp/hard\libcr_eabihelpers.a(float.o)
 .comment       0x000000c8       0x4a c:/appz/nxp/mcuxpressoide_11.6.0_8187/ide/plugins/com.nxp.mcuxpresso.tools.win32_11.6.0.202112161359/tools/bin/../lib/gcc/arm-none-eabi/10.3.1/../../../../arm-none-eabi/lib/thumb/v8-m.main+fp/hard\libcr_nohost_nf.a(__sys_close.o)
 .comment       0x000000c8       0x4a c:/appz/nxp/mcuxpressoide_11.6.0_8187/ide/plugins/com.nxp.mcuxpresso.tools.win32_11.6.0.202112161359/tools/bin/../lib/gcc/arm-none-eabi/10.3.1/../../../../arm-none-eabi/lib/thumb/v8-m.main+fp/hard\libcr_nohost_nf.a(__sys_flen.o)
 .comment       0x000000c8       0x4a c:/appz/nxp/mcuxpressoide_11.6.0_8187/ide/plugins/com.nxp.mcuxpresso.tools.win32_11.6.0.202112161359/tools/bin/../lib/gcc/arm-none-eabi/10.3.1/../../../../arm-none-eabi/lib/thumb/v8-m.main+fp/hard\libcr_nohost_nf.a(__sys_istty.o)
 .comment       0x000000c8       0x4a c:/appz/nxp/mcuxpressoide_11.6.0_8187/ide/plugins/com.nxp.mcuxpresso.tools.win32_11.6.0.202112161359/tools/bin/../lib/gcc/arm-none-eabi/10.3.1/../../../../arm-none-eabi/lib/thumb/v8-m.main+fp/hard\libcr_nohost_nf.a(__sys_remove.o)
 .comment       0x000000c8       0x4a c:/appz/nxp/mcuxpressoide_11.6.0_8187/ide/plugins/com.nxp.mcuxpresso.tools.win32_11.6.0.202112161359/tools/bin/../lib/gcc/arm-none-eabi/10.3.1/../../../../arm-none-eabi/lib/thumb/v8-m.main+fp/hard\libcr_nohost_nf.a(__sys_seek.o)
 .comment       0x000000c8       0x4a c:/appz/nxp/mcuxpressoide_11.6.0_8187/ide/plugins/com.nxp.mcuxpresso.tools.win32_11.6.0.202112161359/tools/bin/../lib/gcc/arm-none-eabi/10.3.1/../../../../arm-none-eabi/lib/thumb/v8-m.main+fp/hard\libcr_nohost_nf.a(__sys_tmpnam.o)
 .comment       0x000000c8       0x4a c:/appz/nxp/mcuxpressoide_11.6.0_8187/ide/plugins/com.nxp.mcuxpresso.tools.win32_11.6.0.202112161359/tools/bin/../lib/gcc/arm-none-eabi/10.3.1/../../../../arm-none-eabi/lib/thumb/v8-m.main+fp/hard\libcr_nohost_nf.a(__sys_write.o)

.ARM.attributes
                0x00000000       0x38
 .ARM.attributes
                0x00000000       0x3a ./utilities/fsl_debug_console.o
 .ARM.attributes
                0x0000003a       0x3a ./utilities/fsl_str.o
 .ARM.attributes
                0x00000074       0x3a ./startup/startup_lpc55s69_cm33_core0.o
 .ARM.attributes
                0x000000ae       0x3a ./source/LPC55S69_Project.o
 .ARM.attributes
                0x000000e8       0x3a ./source/semihost_hardfault.o
 .ARM.attributes
                0x00000122       0x3a ./drivers/fsl_clock.o
 .ARM.attributes
                0x0000015c       0x3a ./drivers/fsl_flexcomm.o
 .ARM.attributes
                0x00000196       0x3a ./drivers/fsl_reset.o
 .ARM.attributes
                0x000001d0       0x3a ./drivers/fsl_usart.o
 .ARM.attributes
                0x0000020a       0x3a ./device/system_LPC55S69_cm33_core0.o
 .ARM.attributes
                0x00000244       0x3a ./component/uart/usart_adapter.o
 .ARM.attributes
                0x0000027e       0x3a ./component/serial_manager/serial_manager.o
 .ARM.attributes
                0x000002b8       0x3a ./component/serial_manager/serial_port_uart.o
 .ARM.attributes
                0x000002f2       0x3a ./board/boards/board.o
 .ARM.attributes
                0x0000032c       0x3a ./board/boards/clock_config.o
 .ARM.attributes
                0x00000366       0x3a ./board/boards/peripherals.o
 .ARM.attributes
                0x000003a0       0x3a ./board/boards/pin_mux.o
 .ARM.attributes
                0x000003da       0x3c C:\Users\TEMP\Documents\MCUXpressoIDE_11.6.0_8187\workspace\LPC55S69_Project\libs\libpower_hardabi.a(fsl_power_lib.o)
 .ARM.attributes
                0x00000416       0x3a c:/appz/nxp/mcuxpressoide_11.6.0_8187/ide/plugins/com.nxp.mcuxpresso.tools.win32_11.6.0.202112161359/tools/bin/../lib/gcc/arm-none-eabi/10.3.1/../../../../arm-none-eabi/lib/thumb/v8-m.main+fp/hard\libcr_nohost_nf.a(_cr__main.o)
 .ARM.attributes
                0x00000450       0x3a c:/appz/nxp/mcuxpressoide_11.6.0_8187/ide/plugins/com.nxp.mcuxpresso.tools.win32_11.6.0.202112161359/tools/bin/../lib/gcc/arm-none-eabi/10.3.1/../../../../arm-none-eabi/lib/thumb/v8-m.main+fp/hard\libcr_nohost_nf.a(_cr_assert.o)
 .ARM.attributes
                0x0000048a       0x3a c:/appz/nxp/mcuxpressoide_11.6.0_8187/ide/plugins/com.nxp.mcuxpresso.tools.win32_11.6.0.202112161359/tools/bin/../lib/gcc/arm-none-eabi/10.3.1/../../../../arm-none-eabi/lib/thumb/v8-m.main+fp/hard\libcr_nohost_nf.a(__ciob.o)
 .ARM.attributes
                0x000004c4       0x3a c:/appz/nxp/mcuxpressoide_11.6.0_8187/ide/plugins/com.nxp.mcuxpresso.tools.win32_11.6.0.202112161359/tools/bin/../lib/gcc/arm-none-eabi/10.3.1/../../../../arm-none-eabi/lib/thumb/v8-m.main+fp/hard\libcr_nohost_nf.a(__sys_appexit.o)
 .ARM.attributes
                0x000004fe       0x3a c:/appz/nxp/mcuxpressoide_11.6.0_8187/ide/plugins/com.nxp.mcuxpresso.tools.win32_11.6.0.202112161359/tools/bin/../lib/gcc/arm-none-eabi/10.3.1/../../../../arm-none-eabi/lib/thumb/v8-m.main+fp/hard\libcr_c.a(memset.o)
 .ARM.attributes
                0x00000538       0x3a c:/appz/nxp/mcuxpressoide_11.6.0_8187/ide/plugins/com.nxp.mcuxpresso.tools.win32_11.6.0.202112161359/tools/bin/../lib/gcc/arm-none-eabi/10.3.1/../../../../arm-none-eabi/lib/thumb/v8-m.main+fp/hard\libcr_c.a(_deferredlazyseek.o)
 .ARM.attributes
                0x00000572       0x3a c:/appz/nxp/mcuxpressoide_11.6.0_8187/ide/plugins/com.nxp.mcuxpresso.tools.win32_11.6.0.202112161359/tools/bin/../lib/gcc/arm-none-eabi/10.3.1/../../../../arm-none-eabi/lib/thumb/v8-m.main+fp/hard\libcr_c.a(_fflush.o)
 .ARM.attributes
                0x000005ac       0x3a c:/appz/nxp/mcuxpressoide_11.6.0_8187/ide/plugins/com.nxp.mcuxpresso.tools.win32_11.6.0.202112161359/tools/bin/../lib/gcc/arm-none-eabi/10.3.1/../../../../arm-none-eabi/lib/thumb/v8-m.main+fp/hard\libcr_c.a(_writebuf.o)
 .ARM.attributes
                0x000005e6       0x3a c:/appz/nxp/mcuxpressoide_11.6.0_8187/ide/plugins/com.nxp.mcuxpresso.tools.win32_11.6.0.202112161359/tools/bin/../lib/gcc/arm-none-eabi/10.3.1/../../../../arm-none-eabi/lib/thumb/v8-m.main+fp/hard\libcr_c.a(alloc.o)
 .ARM.attributes
                0x00000620       0x3a c:/appz/nxp/mcuxpressoide_11.6.0_8187/ide/plugins/com.nxp.mcuxpresso.tools.win32_11.6.0.202112161359/tools/bin/../lib/gcc/arm-none-eabi/10.3.1/../../../../arm-none-eabi/lib/thumb/v8-m.main+fp/hard\libcr_c.a(fputs.o)
 .ARM.attributes
                0x0000065a       0x3a c:/appz/nxp/mcuxpressoide_11.6.0_8187/ide/plugins/com.nxp.mcuxpresso.tools.win32_11.6.0.202112161359/tools/bin/../lib/gcc/arm-none-eabi/10.3.1/../../../../arm-none-eabi/lib/thumb/v8-m.main+fp/hard\libcr_c.a(fseek.o)
 .ARM.attributes
                0x00000694       0x3a c:/appz/nxp/mcuxpressoide_11.6.0_8187/ide/plugins/com.nxp.mcuxpresso.tools.win32_11.6.0.202112161359/tools/bin/../lib/gcc/arm-none-eabi/10.3.1/../../../../arm-none-eabi/lib/thumb/v8-m.main+fp/hard\libcr_c.a(ftell.o)
 .ARM.attributes
                0x000006ce       0x3a c:/appz/nxp/mcuxpressoide_11.6.0_8187/ide/plugins/com.nxp.mcuxpresso.tools.win32_11.6.0.202112161359/tools/bin/../lib/gcc/arm-none-eabi/10.3.1/../../../../arm-none-eabi/lib/thumb/v8-m.main+fp/hard\libcr_c.a(initio.o)
 .ARM.attributes
                0x00000708       0x3a c:/appz/nxp/mcuxpressoide_11.6.0_8187/ide/plugins/com.nxp.mcuxpresso.tools.win32_11.6.0.202112161359/tools/bin/../lib/gcc/arm-none-eabi/10.3.1/../../../../arm-none-eabi/lib/thumb/v8-m.main+fp/hard\libcr_c.a(setvbuf.o)
 .ARM.attributes
                0x00000742       0x3a c:/appz/nxp/mcuxpressoide_11.6.0_8187/ide/plugins/com.nxp.mcuxpresso.tools.win32_11.6.0.202112161359/tools/bin/../lib/gcc/arm-none-eabi/10.3.1/../../../../arm-none-eabi/lib/thumb/v8-m.main+fp/hard\libcr_c.a(strlen.o)
 .ARM.attributes
                0x0000077c       0x3a c:/appz/nxp/mcuxpressoide_11.6.0_8187/ide/plugins/com.nxp.mcuxpresso.tools.win32_11.6.0.202112161359/tools/bin/../lib/gcc/arm-none-eabi/10.3.1/../../../../arm-none-eabi/lib/thumb/v8-m.main+fp/hard\libcr_c.a(__init_alloc.o)
 .ARM.attributes
                0x000007b6       0x3a c:/appz/nxp/mcuxpressoide_11.6.0_8187/ide/plugins/com.nxp.mcuxpresso.tools.win32_11.6.0.202112161359/tools/bin/../lib/gcc/arm-none-eabi/10.3.1/../../../../arm-none-eabi/lib/thumb/v8-m.main+fp/hard\libcr_c.a(_cr_sbrk.o)
 .ARM.attributes
                0x000007f0       0x3a c:/appz/nxp/mcuxpressoide_11.6.0_8187/ide/plugins/com.nxp.mcuxpresso.tools.win32_11.6.0.202112161359/tools/bin/../lib/gcc/arm-none-eabi/10.3.1/../../../../arm-none-eabi/lib/thumb/v8-m.main+fp/hard\libcr_c.a(_fdopen.o)
 .ARM.attributes
                0x0000082a       0x3a c:/appz/nxp/mcuxpressoide_11.6.0_8187/ide/plugins/com.nxp.mcuxpresso.tools.win32_11.6.0.202112161359/tools/bin/../lib/gcc/arm-none-eabi/10.3.1/../../../../arm-none-eabi/lib/thumb/v8-m.main+fp/hard\libcr_c.a(errno.o)
 .ARM.attributes
                0x00000864       0x3a c:/appz/nxp/mcuxpressoide_11.6.0_8187/ide/plugins/com.nxp.mcuxpresso.tools.win32_11.6.0.202112161359/tools/bin/../lib/gcc/arm-none-eabi/10.3.1/../../../../arm-none-eabi/lib/thumb/v8-m.main+fp/hard\libcr_c.a(fclose.o)
 .ARM.attributes
                0x0000089e       0x3a c:/appz/nxp/mcuxpressoide_11.6.0_8187/ide/plugins/com.nxp.mcuxpresso.tools.win32_11.6.0.202112161359/tools/bin/../lib/gcc/arm-none-eabi/10.3.1/../../../../arm-none-eabi/lib/thumb/v8-m.main+fp/hard\libcr_c.a(fflush.o)
 .ARM.attributes
                0x000008d8       0x3a c:/appz/nxp/mcuxpressoide_11.6.0_8187/ide/plugins/com.nxp.mcuxpresso.tools.win32_11.6.0.202112161359/tools/bin/../lib/gcc/arm-none-eabi/10.3.1/../../../../arm-none-eabi/lib/thumb/v8-m.main+fp/hard\libcr_c.a(remove.o)
 .ARM.attributes
                0x00000912       0x3a c:/appz/nxp/mcuxpressoide_11.6.0_8187/ide/plugins/com.nxp.mcuxpresso.tools.win32_11.6.0.202112161359/tools/bin/../lib/gcc/arm-none-eabi/10.3.1/../../../../arm-none-eabi/lib/thumb/v8-m.main+fp/hard\libcr_c.a(_cr_check_heap.o)
 .ARM.attributes
                0x0000094c       0x3a c:/appz/nxp/mcuxpressoide_11.6.0_8187/ide/plugins/com.nxp.mcuxpresso.tools.win32_11.6.0.202112161359/tools/bin/../lib/gcc/arm-none-eabi/10.3.1/../../../../arm-none-eabi/lib/thumb/v8-m.main+fp/hard\libcr_c.a(_do_fflush.o)
 .ARM.attributes
                0x00000986       0x3a c:/appz/nxp/mcuxpressoide_11.6.0_8187/ide/plugins/com.nxp.mcuxpresso.tools.win32_11.6.0.202112161359/tools/bin/../lib/gcc/arm-none-eabi/10.3.1/thumb/v8-m.main+fp/hard\libcr_eabihelpers.a(double.o)
 .ARM.attributes
                0x000009c0       0x3a c:/appz/nxp/mcuxpressoide_11.6.0_8187/ide/plugins/com.nxp.mcuxpresso.tools.win32_11.6.0.202112161359/tools/bin/../lib/gcc/arm-none-eabi/10.3.1/thumb/v8-m.main+fp/hard\libcr_eabihelpers.a(float.o)
 .ARM.attributes
                0x000009fa       0x26 c:/appz/nxp/mcuxpressoide_11.6.0_8187/ide/plugins/com.nxp.mcuxpresso.tools.win32_11.6.0.202112161359/tools/bin/../lib/gcc/arm-none-eabi/10.3.1/thumb/v8-m.main+fp/hard\libcr_eabihelpers.a(memcpy.o)
 .ARM.attributes
                0x00000a20       0x3a c:/appz/nxp/mcuxpressoide_11.6.0_8187/ide/plugins/com.nxp.mcuxpresso.tools.win32_11.6.0.202112161359/tools/bin/../lib/gcc/arm-none-eabi/10.3.1/../../../../arm-none-eabi/lib/thumb/v8-m.main+fp/hard\libcr_nohost_nf.a(__sys_close.o)
 .ARM.attributes
                0x00000a5a       0x3a c:/appz/nxp/mcuxpressoide_11.6.0_8187/ide/plugins/com.nxp.mcuxpresso.tools.win32_11.6.0.202112161359/tools/bin/../lib/gcc/arm-none-eabi/10.3.1/../../../../arm-none-eabi/lib/thumb/v8-m.main+fp/hard\libcr_nohost_nf.a(__sys_flen.o)
 .ARM.attributes
                0x00000a94       0x3a c:/appz/nxp/mcuxpressoide_11.6.0_8187/ide/plugins/com.nxp.mcuxpresso.tools.win32_11.6.0.202112161359/tools/bin/../lib/gcc/arm-none-eabi/10.3.1/../../../../arm-none-eabi/lib/thumb/v8-m.main+fp/hard\libcr_nohost_nf.a(__sys_istty.o)
 .ARM.attributes
                0x00000ace       0x3a c:/appz/nxp/mcuxpressoide_11.6.0_8187/ide/plugins/com.nxp.mcuxpresso.tools.win32_11.6.0.202112161359/tools/bin/../lib/gcc/arm-none-eabi/10.3.1/../../../../arm-none-eabi/lib/thumb/v8-m.main+fp/hard\libcr_nohost_nf.a(__sys_remove.o)
 .ARM.attributes
                0x00000b08       0x3a c:/appz/nxp/mcuxpressoide_11.6.0_8187/ide/plugins/com.nxp.mcuxpresso.tools.win32_11.6.0.202112161359/tools/bin/../lib/gcc/arm-none-eabi/10.3.1/../../../../arm-none-eabi/lib/thumb/v8-m.main+fp/hard\libcr_nohost_nf.a(__sys_seek.o)
 .ARM.attributes
                0x00000b42       0x3a c:/appz/nxp/mcuxpressoide_11.6.0_8187/ide/plugins/com.nxp.mcuxpresso.tools.win32_11.6.0.202112161359/tools/bin/../lib/gcc/arm-none-eabi/10.3.1/../../../../arm-none-eabi/lib/thumb/v8-m.main+fp/hard\libcr_nohost_nf.a(__sys_tmpnam.o)
 .ARM.attributes
                0x00000b7c       0x3a c:/appz/nxp/mcuxpressoide_11.6.0_8187/ide/plugins/com.nxp.mcuxpresso.tools.win32_11.6.0.202112161359/tools/bin/../lib/gcc/arm-none-eabi/10.3.1/../../../../arm-none-eabi/lib/thumb/v8-m.main+fp/hard\libcr_nohost_nf.a(__sys_write.o)

.debug_frame    0x00000000     0x21fc
 .debug_frame   0x00000000      0x208 ./utilities/fsl_debug_console.o
 .debug_frame   0x00000208       0xb4 ./utilities/fsl_str.o
 .debug_frame   0x000002bc      0x694 ./startup/startup_lpc55s69_cm33_core0.o
 .debug_frame   0x00000950       0x58 ./source/LPC55S69_Project.o
 .debug_frame   0x000009a8       0x20 ./source/semihost_hardfault.o
 .debug_frame   0x000009c8      0x960 ./drivers/fsl_clock.o
 .debug_frame   0x00001328      0x1ec ./drivers/fsl_flexcomm.o
 .debug_frame   0x00001514       0x7c ./drivers/fsl_reset.o
 .debug_frame   0x00001590      0x3b0 ./drivers/fsl_usart.o
 .debug_frame   0x00001940      0x220 ./device/system_LPC55S69_cm33_core0.o
 .debug_frame   0x00001b60       0xc8 ./component/uart/usart_adapter.o
 .debug_frame   0x00001c28      0x208 ./component/serial_manager/serial_manager.o
 .debug_frame   0x00001e30       0xa0 ./component/serial_manager/serial_port_uart.o
 .debug_frame   0x00001ed0       0x58 ./board/boards/board.o
 .debug_frame   0x00001f28       0xb0 ./board/boards/clock_config.o
 .debug_frame   0x00001fd8       0x30 ./board/boards/peripherals.o
 .debug_frame   0x00002008       0xa0 ./board/boards/pin_mux.o
 .debug_frame   0x000020a8      0x154 C:\Users\TEMP\Documents\MCUXpressoIDE_11.6.0_8187\workspace\LPC55S69_Project\libs\libpower_hardabi.a(fsl_power_lib.o)

.debug_loc      0x00000000      0x9d1
 .debug_loc     0x00000000      0x9d1 C:\Users\TEMP\Documents\MCUXpressoIDE_11.6.0_8187\workspace\LPC55S69_Project\libs\libpower_hardabi.a(fsl_power_lib.o)

Cross Reference Table

Symbol                                            File
ACMP_DriverIRQHandler                             ./startup/startup_lpc55s69_cm33_core0.o
ACMP_IRQHandler                                   ./startup/startup_lpc55s69_cm33_core0.o
ADC0_DriverIRQHandler                             ./startup/startup_lpc55s69_cm33_core0.o
ADC0_IRQHandler                                   ./startup/startup_lpc55s69_cm33_core0.o
BOARD_BootClockFRO12M                             ./board/boards/clock_config.o